{"rc":0,"rc_str":"OK","rsp":{"AFP":{"application_id":97},"AJP":{"application_id":139},"AMQP":{"application_id":192},"Aimini":{"application_id":99},"Amazon":{"application_id":178},"AmazonVideo":{"application_id":240},"Apple":{"application_id":140},"AppleJuice":{"application_id":24},"ApplePush":{"application_id":238},"AppleStore":{"application_id":224},"AppleiCloud":{"application_id":143},"AppleiTunes":{"application_id":145},"Armagetron":{"application_id":104},"Ayiya":{"application_id":66},"BGP":{"application_id":13},"BJNP":{"application_id":204},"BattleField":{"application_id":71},"BitTorrent":{"application_id":37},"Bloomberg":{"application_id":246},"CAPWAP":{"application_id":247},"CHECKMK":{"application_id":138},"CNN":{"application_id":180},"COAP":{"application_id":27},"CSGO":{"application_id":235},"Charles":{"application_id":252},"CiscoSkinny":{"application_id":164},"CiscoVPN":{"application_id":161},"Citrix":{"application_id":132},"Cloudflare":{"application_id":220},"Collectd":{"application_id":171},"Corba":{"application_id":168},"Crossfire":{"application_id":105},"DCE_RPC":{"application_id":127},"DHCP":{"application_id":18},"DHCPV6":{"application_id":103},"DNP3":{"application_id":244},"DNS":{"application_id":5},"DNScrypt":{"application_id":208},"DRDA":{"application_id":227},"DataSaver":{"application_id":46},"Deezer":{"application_id":210},"Diameter":{"application_id":237},"DirectConnect":{"application_id":25},"Direct_Download_Link":{"application_id":22},"DoH_DoT":{"application_id":196},"Dofus":{"application_id":106},"Dropbox":{"application_id":121},"EAQ":{"application_id":190},"EGP":{"application_id":83},"FIX":{"application_id":230},"FREE_205":{"application_id":205},"FTP_CONTROL":{"application_id":1},"FTP_DATA":{"application_id":175},"Facebook":{"application_id":119},"FacebookZero":{"application_id":30},"FastTrack":{"application_id":34},"Fiesta":{"application_id":107},"Florensia":{"application_id":108},"GMail":{"application_id":122},"GRE":{"application_id":80},"GTP":{"application_id":152},"Git":{"application_id":226},"Github":{"application_id":203},"Gnutella":{"application_id":35},"Google":{"application_id":126},"GoogleDocs":{"application_id":241},"GoogleDrive":{"application_id":217},"GoogleHangoutDuo":{"application_id":201},"GoogleMaps":{"application_id":123},"GooglePlus":{"application_id":72},"GoogleServices":{"application_id":239},"Guildwars":{"application_id":109},"H323":{"application_id":158},"HTTP":{"application_id":7},"HTTP_ActiveSync":{"application_id":110},"HTTP_Connect":{"application_id":130},"HTTP_Download":{"application_id":60},"HTTP_Proxy":{"application_id":131},"HalfLife2":{"application_id":75},"Hotmail":{"application_id":21},"HotspotShield":{"application_id":215},"Hulu":{"application_id":137},"IAX":{"application_id":95},"ICMP":{"application_id":81},"ICMPV6":{"application_id":102},"IEC60870":{"application_id":245},"IFLIX":{"application_id":202},"IGMP":{"application_id":82},"IMAP":{"application_id":4},"IMAPS":{"application_id":51},"IMO":{"application_id":216},"IPP":{"application_id":6},"IP_in_IP":{"application_id":86},"IPsec":{"application_id":79},"IRC":{"application_id":65},"IceCast":{"application_id":52},"Instagram":{"application_id":211},"KakaoTalk":{"application_id":193},"KakaoTalk_Voice":{"application_id":194},"Kerberos":{"application_id":111},"Kontiki":{"application_id":32},"LDAP":{"application_id":112},"LISP":{"application_id":236},"LLMNR":{"application_id":154},"Lando":{"application_id":254},"LastFM":{"application_id":134},"LinkedIn":{"application_id":233},"LotusNotes":{"application_id":150},"MDNS":{"application_id":8},"MGCP":{"application_id":94},"MPEG_TS":{"application_id":198},"MQTT":{"application_id":222},"MS_OneDrive":{"application_id":221},"MapleStory":{"application_id":113},"Megaco":{"application_id":181},"Memcached":{"application_id":40},"Messenger":{"application_id":157},"Microsoft":{"application_id":212},"Microsoft365":{"application_id":219},"Mining":{"application_id":42},"Modbus":{"application_id":44},"MsSQL-TDS":{"application_id":114},"MySQL":{"application_id":20},"NFS":{"application_id":11},"NOE":{"application_id":160},"NTP":{"application_id":9},"Nats":{"application_id":68},"NestLogSink":{"application_id":43},"NetBIOS":{"application_id":10},"NetFlix":{"application_id":133},"NetFlow":{"application_id":128},"Nintendo":{"application_id":173},"OCS":{"application_id":218},"OSPF":{"application_id":85},"Ookla":{"application_id":191},"OpenDNS":{"application_id":225},"OpenFT":{"application_id":33},"OpenVPN":{"application_id":159},"Oracle":{"application_id":167},"Oscar":{"application_id":69},"POP3":{"application_id":2},"POPS":{"application_id":23},"PPLive":{"application_id":53},"PPStream":{"application_id":54},"PPTP":{"application_id":115},"PS_VUE":{"application_id":64},"Pando_Media_Booster":{"application_id":183},"Pandora":{"application_id":187},"Pastebin":{"application_id":232},"PcAnywhere":{"application_id":90},"PlayStore":{"application_id":228},"Playstation":{"application_id":231},"PostgreSQL":{"application_id":19},"QQ":{"application_id":48},"QQLive":{"application_id":61},"QUIC":{"application_id":188},"RDP":{"application_id":88},"RSYNC":{"application_id":166},"RTCP":{"application_id":165},"RTMP":{"application_id":174},"RTP":{"application_id":87},"RTSP":{"application_id":50},"RX":{"application_id":223},"Radius":{"application_id":146},"Redis":{"application_id":182},"RemoteScan":{"application_id":155},"SAP":{"application_id":151},"SCTP":{"application_id":84},"SIP":{"application_id":100},"SMBv1":{"application_id":16},"SMBv23":{"application_id":41},"SMPP":{"application_id":207},"SMTP":{"application_id":3},"SMTPS":{"application_id":29},"SNMP":{"application_id":14},"SOCKS":{"application_id":172},"SOMEIP":{"application_id":229},"SSDP":{"application_id":12},"SSH":{"application_id":92},"STUN":{"application_id":78},"Sebastian":{"application_id":253},"ShoutCast":{"application_id":56},"Signal":{"application_id":39},"Sina(Weibo)":{"application_id":200},"Skype":{"application_id":125},"SkypeCall":{"application_id":38},"Slack":{"application_id":118},"Snapchat":{"application_id":199},"Sopcast":{"application_id":57},"Soulseek":{"application_id":63},"SoundCloud":{"application_id":234},"Spotify":{"application_id":156},"Starcraft":{"application_id":213},"Stealthnet":{"application_id":98},"Steam":{"application_id":74},"Syslog":{"application_id":17},"TFTP":{"application_id":96},"TINC":{"application_id":209},"TLS":{"application_id":91},"TVUplayer":{"application_id":59},"Targus Dataspeed":{"application_id":243},"TeamSpeak":{"application_id":162},"TeamViewer":{"application_id":148},"Teams":{"application_id":250},"Telegram":{"application_id":185},"Telnet":{"application_id":77},"Teredo":{"application_id":214},"Thunder":{"application_id":62},"TikTok":{"application_id":49},"Tor":{"application_id":163},"TruPhone":{"application_id":101},"Tuenti":{"application_id":149},"Tvants":{"application_id":58},"Twitch":{"application_id":195},"Twitter":{"application_id":120},"UBNTAC2":{"application_id":31},"UPnP":{"application_id":153},"UbuntuONE":{"application_id":169},"Unencrypted_Jabber":{"application_id":67},"Unknown":{"application_id":0},"Usenet":{"application_id":93},"VHUA":{"application_id":184},"VMware":{"application_id":28},"VNC":{"application_id":89},"VRRP":{"application_id":73},"Vevo":{"application_id":186},"Viber":{"application_id":144},"Warcraft3":{"application_id":116},"Waze":{"application_id":135},"WeChat":{"application_id":197},"WebSocket":{"application_id":251},"Webex":{"application_id":141},"WhatsApp":{"application_id":142},"WhatsAppCall":{"application_id":45},"WhatsAppFiles":{"application_id":242},"Whois-DAS":{"application_id":170},"Wikipedia":{"application_id":176},"WindowsUpdate":{"application_id":147},"WireGuard":{"application_id":206},"WorldOfKungFu":{"application_id":117},"WorldOfWarcraft":{"application_id":76},"XDMCP":{"application_id":15},"Xbox":{"application_id":47},"Yahoo":{"application_id":70},"YouTube":{"application_id":124},"YouTubeUpload":{"application_id":136},"Zabbix":{"application_id":248},"Zattoo":{"application_id":55},"ZeroMQ":{"application_id":177},"Zoom":{"application_id":189},"eBay":{"application_id":179},"eDonkey":{"application_id":36},"ntop":{"application_id":26},"s7comm":{"application_id":249},"sFlow":{"application_id":129}}}
