{"rc":0,"rc_str":"OK","rsp":{"Advertisement":{"category_id":101},"Allowed_Site":{"category_id":104},"Antimalware":{"category_id":105},"Banned_Site":{"category_id":102},"Chat":{"category_id":9},"Cloud":{"category_id":13},"Collaborative":{"category_id":15},"DataTransfer":{"category_id":4},"Database":{"category_id":11},"Download-FileTransfer-FileSharing":{"category_id":7},"Email":{"category_id":3},"FileSharing":{"category_id":29},"Game":{"category_id":8},"Malware":{"category_id":100},"Media":{"category_id":1},"Mining":{"category_id":99},"Music":{"category_id":25},"Network":{"category_id":14},"Productivity":{"category_id":28},"RPC":{"category_id":16},"RemoteAccess":{"category_id":12},"Shopping":{"category_id":27},"Site_Unavailable":{"category_id":103},"SocialNetwork":{"category_id":6},"SoftwareUpdate":{"category_id":19},"Streaming":{"category_id":17},"System":{"category_id":18},"Unspecified":{"category_id":0},"User custom category 1":{"category_id":20},"User custom category 2":{"category_id":21},"User custom category 3":{"category_id":22},"User custom category 4":{"category_id":23},"User custom category 5":{"category_id":24},"VPN":{"category_id":2},"Video":{"category_id":26},"VoIP":{"category_id":10},"Web":{"category_id":5}}}
