{"rc":0,"rc_str":"OK","rsp":[{"alert_key":14,"alert_type":"alert_host_pool_disconnection"},{"alert_key":53,"alert_type":"alert_user_activity"},{"alert_key":57,"alert_type":"alert_suspicious_file_transfer"},{"alert_key":20,"alert_type":"alert_list_download_failed"},{"alert_key":9,"alert_type":"alert_flow_blocked"},{"alert_key":56,"alert_type":"alert_connection_issues"},{"alert_key":13,"alert_type":"alert_host_pool_connection"},{"alert_key":49,"alert_type":"alert_threshold_cross"},{"alert_key":7,"alert_type":"external_alert"},{"alert_key":47,"alert_type":"alert_tcp_syn_scan"},{"alert_key":6,"alert_type":"alert_dropped_alerts"},{"alert_key":36,"alert_type":"alert_potentially_dangerous_protocol"},{"alert_key":30,"alert_type":"alert_am_threshold_cross"},{"alert_key":40,"alert_type":"alert_request_reply_ratio"},{"alert_key":26,"alert_type":"alert_new_device"},{"alert_key":41,"alert_type":"alert_slow_periodic_activity"},{"alert_key":31,"alert_type":"alert_port_duplexstatus_change"},{"alert_key":1,"alert_type":"alert_blacklisted_country"},{"alert_key":46,"alert_type":"alert_tcp_syn_flood"},{"alert_key":10,"alert_type":"alert_flow_misbehaviour"},{"alert_key":11,"alert_type":"alert_flows_flood"},{"alert_key":19,"alert_type":"alert_ip_outsite_dhcp_range"},{"alert_key":27,"alert_type":"alert_nfq_flushed"},{"alert_key":45,"alert_type":"alert_suspicious_activity"},{"alert_key":51,"alert_type":"alert_udp_unidirectional"},{"alert_key":38,"alert_type":"alert_quota_exceeded"},{"alert_key":42,"alert_type":"alert_slow_purge"},{"alert_key":44,"alert_type":"alert_snmp_topology_changed"},{"alert_key":43,"alert_type":"alert_snmp_device_reset"},{"alert_key":50,"alert_type":"alert_too_many_drops"},{"alert_key":16,"alert_type":"alert_influxdb_error"},{"alert_key":55,"alert_type":"alert_web_mining"},{"alert_key":17,"alert_type":"alert_influxdb_export_failure"},{"alert_key":18,"alert_type":"alert_internals"},{"alert_key":29,"alert_type":"alert_periodic_activity_not_executed"},{"alert_key":32,"alert_type":"alert_port_errors"},{"alert_key":34,"alert_type":"alert_port_mac_changed"},{"alert_key":22,"alert_type":"alert_mac_ip_association_change"},{"alert_key":33,"alert_type":"alert_port_load_threshold_exceeded"},{"alert_key":8,"alert_type":"alert_flow_blacklisted"},{"alert_key":5,"alert_type":"alert_device_protocol_not_allowed"},{"alert_key":35,"alert_type":"alert_port_status_change"},{"alert_key":2,"alert_type":"alert_broadcast_domain_too_large"},{"alert_key":12,"alert_type":"alert_ghost_network"},{"alert_key":28,"alert_type":"alert_none"},{"alert_key":59,"alert_type":"alert_host_log"},{"alert_key":54,"alert_type":"alert_user_script_calls_drops"},{"alert_key":21,"alert_type":"alert_login_failed"},{"alert_key":37,"alert_type":"alert_process_notification"},{"alert_key":23,"alert_type":"alert_malicious_signature"},{"alert_key":3,"alert_type":"alert_device_connection"},{"alert_key":39,"alert_type":"alert_remote_to_remote"},{"alert_key":25,"alert_type":"alert_misconfigured_app"},{"alert_key":58,"alert_type":"alert_known_proto_on_non_std_port"},{"alert_key":4,"alert_type":"alert_device_disconnection"}]}
