{"rc":0,"rc_str":"OK","rsp":{"error":{"severity_id":2},"info":{"severity_id":0},"warning":{"severity_id":1}}}
