{"success":true}
{"rc":0,"rc_str":"OK","rc_str_hr":"Success","rsp":[{"count":1,"date":"1616517030","entity":"flow","entity_val":"","msg":"[10/10/2015 16:55:47 - 09/10/2016 16:55:47] <i class=\"fas fa-stream\"></i>  <A class='btn-sx' HREF='/lua/flow_details.lua?flow_key=4261499100&flow_hash_id=0'><i class='fas fa-search-plus'></i></A> <a href='/lua/host_details.lua?host=127.0.0.1' data-toggle='tooltip' title=''>localhost <abbr title=\"Local\"><span class=\"badge badge-success\">L</span></abbr></a>:<A HREF=\"/lua/flows_stats.lua?port=51607\">51607</A>&nbsp; <i class=\"fas fa-exchange-alt fa-lg\"  aria-hidden=\"true\"></i> &nbsp;<a href='/lua/host_details.lua?host=127.0.0.1' data-toggle='tooltip' title=''>localhost <abbr title=\"Local\"><span class=\"badge badge-success\">L</span></abbr></a>:<A HREF=\"/lua/flows_stats.lua?port=3001\">3001</A> <a href=\"/lua/admin/edit_configset.lua?subdir=flow&user_script=tls_certificate_expired#all\"><i class=\"fas fa-cog\" title=\"Edit Configuration\"></i></a>","score":200,"severity":"error","type":"alert_tls_certificate_expired"}]}
