{"success":true}
{"rc":0,"rc_str":"OK","rc_str_hr":"Success","rsp":[{"count":1,"date":"1616513105","entity":"flow","entity_val":"","msg":"<i class=\"fas fa-stream\"></i>  <A class='btn-sx' HREF='/lua/flow_details.lua?flow_key=689480653&flow_hash_id=0'><i class='fas fa-search-plus'></i></A> <a href='/lua/host_details.lua?host=192.168.2.126' data-toggle='tooltip' title=''>192.168.2.126 <abbr title=\"Remote\"><span class=\"badge badge-secondary\">R</span></abbr></a>:<A HREF=\"/lua/flows_stats.lua?port=60174\">60174</A>&nbsp; <i class=\"fas fa-exchange-alt fa-lg\"  aria-hidden=\"true\"></i> &nbsp;<a href='/lua/host_details.lua?host=104.111.215.93' data-toggle='tooltip' title=''>104.111.215.93 <abbr title=\"Remote\"><span class=\"badge badge-secondary\">R</span></abbr></a>:<A HREF=\"/lua/flows_stats.lua?port=443\">443</A> <a href=\"/lua/admin/edit_configset.lua?subdir=flow&user_script=remote_to_remote#all\"><i class=\"fas fa-cog\" title=\"Edit Configuration\"></i></a>","score":20,"severity":"notice","type":"alert_remote_to_remote"}]}
