{"success":true}
{"rc":0,"rc_str":"OK","rc_str_hr":"Success","recordsFiltered":1,"recordsTotal":1,"rsp":{"records":[{"alert_id":{"label":"<i class=\"fas fa-exclamation\"></i> Missing TLS SNI","value":"54"},"alert_name":"<i class=\"fas fa-exclamation\"></i> Missing TLS SNI","cli_ip":"10.206.131.18","cli_name":"","cli_port":"58657","count":1,"duration":0,"is_attacker_to_victim":false,"is_victim_to_attacker":false,"l7_proto":{"label":"TLS","value":"91"},"msg":"","proto":"6","row_id":"1","score":240,"severity":{"label":"<span class=\"badge badge-danger\">Error</span>","value":"5"},"srv_ip":"10.206.65.249","srv_name":"","srv_port":"443","tstamp":"09:46:37","vlan_id":"258"}]}}
