{"success":true}
{"rc":0,"rc_str":"OK","rc_str_hr":"Success","rsp":[{"count":1,"date":"1616512933","entity":"flow","entity_val":"","msg":"<i class=\"fas fa-stream\"></i>  <A class='btn-sx' HREF='/lua/flow_details.lua?flow_key=1824054532&flow_hash_id=0'><i class='fas fa-search-plus'></i></A> <a href='/lua/host_details.lua?host=172.16.0.1' data-toggle='tooltip' title=''>172.16.0.1 <abbr title=\"Local\"><span class=\"badge badge-success\">L</span></abbr></a>:<A HREF=\"/lua/flows_stats.lua?port=52098\">52098</A>&nbsp; <i class=\"fas fa-exchange-alt fa-lg\"  aria-hidden=\"true\"></i> &nbsp;<a href='/lua/host_details.lua?host=192.168.10.50' data-toggle='tooltip' title=''>205.174.165.68 <abbr title=\"Remote\"><span class=\"badge badge-secondary\">R</span></abbr></a>:<A HREF=\"/lua/flows_stats.lua?port=80\">80</A> <a href=\"/lua/admin/edit_configset.lua?subdir=flow&user_script=ndpi_http_numeric_ip_host#all\"><i class=\"fas fa-cog\" title=\"Edit Configuration\"></i></a>","score":100,"severity":"error","type":"alert_ndpi_http_numeric_ip_host"},{"count":1,"date":"1616512933","entity":"flow","entity_val":"","msg":"<i class=\"fas fa-stream\"></i>  <A class='btn-sx' HREF='/lua/flow_details.lua?flow_key=1824080644&flow_hash_id=4'><i class='fas fa-search-plus'></i></A> <a href='/lua/host_details.lua?host=172.16.0.1' data-toggle='tooltip' title=''>172.16.0.1 <abbr title=\"Local\"><span class=\"badge badge-success\">L</span></abbr></a>:<A HREF=\"/lua/flows_stats.lua?port=52200\">52200</A>&nbsp; <i class=\"fas fa-exchange-alt fa-lg\"  aria-hidden=\"true\"></i> &nbsp;<a href='/lua/host_details.lua?host=192.168.10.50' data-toggle='tooltip' title=''>205.174.165.68 <abbr title=\"Remote\"><span class=\"badge badge-secondary\">R</span></abbr></a>:<A HREF=\"/lua/flows_stats.lua?port=80\">80</A> <a href=\"/lua/admin/edit_configset.lua?subdir=flow&user_script=ndpi_http_numeric_ip_host#all\"><i class=\"fas fa-cog\" title=\"Edit Configuration\"></i></a>","score":100,"severity":"error","type":"alert_ndpi_http_numeric_ip_host"},{"count":1,"date":"1616512933","entity":"flow","entity_val":"","msg":"<i class=\"fas fa-stream\"></i>  <A class='btn-sx' HREF='/lua/flow_details.lua?flow_key=1824040197&flow_hash_id=8'><i class='fas fa-search-plus'></i></A> <a href='/lua/host_details.lua?host=172.16.0.1' data-toggle='tooltip' title=''>172.16.0.1 <abbr title=\"Local\"><span class=\"badge badge-success\">L</span></abbr></a>:<A HREF=\"/lua/flows_stats.lua?port=52298\">52298</A>&nbsp; <i class=\"fas fa-exchange-alt fa-lg\"  aria-hidden=\"true\"></i> &nbsp;<a href='/lua/host_details.lua?host=192.168.10.50' data-toggle='tooltip' title=''>205.174.165.68 <abbr title=\"Remote\"><span class=\"badge badge-secondary\">R</span></abbr></a>:<A HREF=\"/lua/flows_stats.lua?port=80\">80</A> <a href=\"/lua/admin/edit_configset.lua?subdir=flow&user_script=ndpi_http_numeric_ip_host#all\"><i class=\"fas fa-cog\" title=\"Edit Configuration\"></i></a>","score":100,"severity":"error","type":"alert_ndpi_http_numeric_ip_host"},{"count":1,"date":"1616512933","entity":"flow","entity_val":"","msg":"<i class=\"fas fa-stream\"></i>  <A class='btn-sx' HREF='/lua/flow_details.lua?flow_key=1824040709&flow_hash_id=9'><i class='fas fa-search-plus'></i></A> <a href='/lua/host_details.lua?host=172.16.0.1' data-toggle='tooltip' title=''>172.16.0.1 <abbr title=\"Local\"><span class=\"badge badge-success\">L</span></abbr></a>:<A HREF=\"/lua/flows_stats.lua?port=52300\">52300</A>&nbsp; <i class=\"fas fa-exchange-alt fa-lg\"  aria-hidden=\"true\"></i> &nbsp;<a href='/lua/host_details.lua?host=192.168.10.50' data-toggle='tooltip' title=''>205.174.165.68 <abbr title=\"Remote\"><span class=\"badge badge-secondary\">R</span></abbr></a>:<A HREF=\"/lua/flows_stats.lua?port=80\">80</A> <a href=\"/lua/admin/edit_configset.lua?subdir=flow&user_script=ndpi_http_numeric_ip_host#all\"><i class=\"fas fa-cog\" title=\"Edit Configuration\"></i></a>","score":100,"severity":"error","type":"alert_ndpi_http_numeric_ip_host"},{"count":1,"date":"1616512933","entity":"flow","entity_val":"","msg":"<i class=\"fas fa-stream\"></i>  <A class='btn-sx' HREF='/lua/flow_details.lua?flow_key=1824045317&flow_hash_id=10'><i class='fas fa-search-plus'></i></A> <a href='/lua/host_details.lua?host=172.16.0.1' data-toggle='tooltip' title=''>172.16.0.1 <abbr title=\"Local\"><span class=\"badge badge-success\">L</span></abbr></a>:<A HREF=\"/lua/flows_stats.lua?port=52318\">52318</A>&nbsp; <i class=\"fas fa-exchange-alt fa-lg\"  aria-hidden=\"true\"></i> &nbsp;<a href='/lua/host_details.lua?host=192.168.10.50' data-toggle='tooltip' title=''>205.174.165.68 <abbr title=\"Remote\"><span class=\"badge badge-secondary\">R</span></abbr></a>:<A HREF=\"/lua/flows_stats.lua?port=80\">80</A> <a href=\"/lua/admin/edit_configset.lua?subdir=flow&user_script=ndpi_http_numeric_ip_host#all\"><i class=\"fas fa-cog\" title=\"Edit Configuration\"></i></a>","score":100,"severity":"error","type":"alert_ndpi_http_numeric_ip_host"},{"count":1,"date":"1616512933","entity":"flow","entity_val":"","msg":"<i class=\"fas fa-stream\"></i>  <A class='btn-sx' HREF='/lua/flow_details.lua?flow_key=1824065799&flow_hash_id=40'><i class='fas fa-search-plus'></i></A> <a href='/lua/host_details.lua?host=172.16.0.1' data-toggle='tooltip' title=''>172.16.0.1 <abbr title=\"Local\"><span class=\"badge badge-success\">L</span></abbr></a>:<A HREF=\"/lua/flows_stats.lua?port=52910\">52910</A>&nbsp; <i class=\"fas fa-exchange-alt fa-lg\"  aria-hidden=\"true\"></i> &nbsp;<a href='/lua/host_details.lua?host=192.168.10.50' data-toggle='tooltip' title=''>205.174.165.68 <abbr title=\"Remote\"><span class=\"badge badge-secondary\">R</span></abbr></a>:<A HREF=\"/lua/flows_stats.lua?port=80\">80</A> <a href=\"/lua/admin/edit_configset.lua?subdir=flow&user_script=ndpi_http_numeric_ip_host#all\"><i class=\"fas fa-cog\" title=\"Edit Configuration\"></i></a>","score":100,"severity":"error","type":"alert_ndpi_http_numeric_ip_host"},{"count":1,"date":"1616512933","entity":"flow","entity_val":"","msg":"<i class=\"fas fa-stream\"></i>  <A class='btn-sx' HREF='/lua/flow_details.lua?flow_key=1824085772&flow_hash_id=113'><i class='fas fa-search-plus'></i></A> <a href='/lua/host_details.lua?host=172.16.0.1' data-toggle='tooltip' title=''>172.16.0.1 <abbr title=\"Local\"><span class=\"badge badge-success\">L</span></abbr></a>:<A HREF=\"/lua/flows_stats.lua?port=54268\">54268</A>&nbsp; <i class=\"fas fa-exchange-alt fa-lg\"  aria-hidden=\"true\"></i> &nbsp;<a href='/lua/host_details.lua?host=192.168.10.50' data-toggle='tooltip' title=''>205.174.165.68 <abbr title=\"Remote\"><span class=\"badge badge-secondary\">R</span></abbr></a>:<A HREF=\"/lua/flows_stats.lua?port=80\">80</A> <a href=\"/lua/admin/edit_configset.lua?subdir=flow&user_script=ndpi_http_numeric_ip_host#all\"><i class=\"fas fa-cog\" title=\"Edit Configuration\"></i></a>","score":100,"severity":"error","type":"alert_ndpi_http_numeric_ip_host"},{"count":1,"date":"1616512933","entity":"flow","entity_val":"","msg":"<i class=\"fas fa-stream\"></i>  <A class='btn-sx' HREF='/lua/flow_details.lua?flow_key=1824065295&flow_hash_id=151'><i class='fas fa-search-plus'></i></A> <a href='/lua/host_details.lua?host=172.16.0.1' data-toggle='tooltip' title=''>172.16.0.1 <abbr title=\"Local\"><span class=\"badge badge-success\">L</span></abbr></a>:<A HREF=\"/lua/flows_stats.lua?port=54956\">54956</A>&nbsp; <i class=\"fas fa-exchange-alt fa-lg\"  aria-hidden=\"true\"></i> &nbsp;<a href='/lua/host_details.lua?host=192.168.10.50' data-toggle='tooltip' title=''>205.174.165.68 <abbr title=\"Remote\"><span class=\"badge badge-secondary\">R</span></abbr></a>:<A HREF=\"/lua/flows_stats.lua?port=80\">80</A> <a href=\"/lua/admin/edit_configset.lua?subdir=flow&user_script=ndpi_http_numeric_ip_host#all\"><i class=\"fas fa-cog\" title=\"Edit Configuration\"></i></a>","score":100,"severity":"error","type":"alert_ndpi_http_numeric_ip_host"},{"count":1,"date":"1616512933","entity":"flow","entity_val":"","msg":"<i class=\"fas fa-stream\"></i>  <A class='btn-sx' HREF='/lua/flow_details.lua?flow_key=1824041746&flow_hash_id=189'><i class='fas fa-search-plus'></i></A> <a href='/lua/host_details.lua?host=172.16.0.1' data-toggle='tooltip' title=''>172.16.0.1 <abbr title=\"Local\"><span class=\"badge badge-success\">L</span></abbr></a>:<A HREF=\"/lua/flows_stats.lua?port=55632\">55632</A>&nbsp; <i class=\"fas fa-exchange-alt fa-lg\"  aria-hidden=\"true\"></i> &nbsp;<a href='/lua/host_details.lua?host=192.168.10.50' data-toggle='tooltip' title=''>205.174.165.68 <abbr title=\"Remote\"><span class=\"badge badge-secondary\">R</span></abbr></a>:<A HREF=\"/lua/flows_stats.lua?port=80\">80</A> <a href=\"/lua/admin/edit_configset.lua?subdir=flow&user_script=ndpi_http_numeric_ip_host#all\"><i class=\"fas fa-cog\" title=\"Edit Configuration\"></i></a>","score":100,"severity":"error","type":"alert_ndpi_http_numeric_ip_host"},{"count":1,"date":"1616512934","entity":"flow","entity_val":"","msg":"<i class=\"fas fa-stream\"></i>  <A class='btn-sx' HREF='/lua/flow_details.lua?flow_key=1824062743&flow_hash_id=264'><i class='fas fa-search-plus'></i></A> <a href='/lua/host_details.lua?host=172.16.0.1' data-toggle='tooltip' title=''>172.16.0.1 <abbr title=\"Local\"><span class=\"badge badge-success\">L</span></abbr></a>:<A HREF=\"/lua/flows_stats.lua?port=56994\">56994</A>&nbsp; <i class=\"fas fa-exchange-alt fa-lg\"  aria-hidden=\"true\"></i> &nbsp;<a href='/lua/host_details.lua?host=192.168.10.50' data-toggle='tooltip' title=''>205.174.165.68 <abbr title=\"Remote\"><span class=\"badge badge-secondary\">R</span></abbr></a>:<A HREF=\"/lua/flows_stats.lua?port=80\">80</A> <a href=\"/lua/admin/edit_configset.lua?subdir=flow&user_script=ndpi_http_numeric_ip_host#all\"><i class=\"fas fa-cog\" title=\"Edit Configuration\"></i></a>","score":100,"severity":"error","type":"alert_ndpi_http_numeric_ip_host"},{"count":1,"date":"1616512934","entity":"flow","entity_val":"","msg":"<i class=\"fas fa-stream\"></i>  <A class='btn-sx' HREF='/lua/flow_details.lua?flow_key=1824042778&flow_hash_id=303'><i class='fas fa-search-plus'></i></A> <a href='/lua/host_details.lua?host=172.16.0.1' data-toggle='tooltip' title=''>172.16.0.1 <abbr title=\"Local\"><span class=\"badge badge-success\">L</span></abbr></a>:<A HREF=\"/lua/flows_stats.lua?port=57684\">57684</A>&nbsp; <i class=\"fas fa-exchange-alt fa-lg\"  aria-hidden=\"true\"></i> &nbsp;<a href='/lua/host_details.lua?host=192.168.10.50' data-toggle='tooltip' title=''>205.174.165.68 <abbr title=\"Remote\"><span class=\"badge badge-secondary\">R</span></abbr></a>:<A HREF=\"/lua/flows_stats.lua?port=80\">80</A> <a href=\"/lua/admin/edit_configset.lua?subdir=flow&user_script=ndpi_http_numeric_ip_host#all\"><i class=\"fas fa-cog\" title=\"Edit Configuration\"></i></a>","score":100,"severity":"error","type":"alert_ndpi_http_numeric_ip_host"},{"count":1,"date":"1616512934","entity":"flow","entity_val":"","msg":"<i class=\"fas fa-stream\"></i>  <A class='btn-sx' HREF='/lua/flow_details.lua?flow_key=1824084764&flow_hash_id=341'><i class='fas fa-search-plus'></i></A> <a href='/lua/host_details.lua?host=172.16.0.1' data-toggle='tooltip' title=''>172.16.0.1 <abbr title=\"Local\"><span class=\"badge badge-success\">L</span></abbr></a>:<A HREF=\"/lua/flows_stats.lua?port=58360\">58360</A>&nbsp; <i class=\"fas fa-exchange-alt fa-lg\"  aria-hidden=\"true\"></i> &nbsp;<a href='/lua/host_details.lua?host=192.168.10.50' data-toggle='tooltip' title=''>205.174.165.68 <abbr title=\"Remote\"><span class=\"badge badge-secondary\">R</span></abbr></a>:<A HREF=\"/lua/flows_stats.lua?port=80\">80</A> <a href=\"/lua/admin/edit_configset.lua?subdir=flow&user_script=ndpi_http_numeric_ip_host#all\"><i class=\"fas fa-cog\" title=\"Edit Configuration\"></i></a>","score":100,"severity":"error","type":"alert_ndpi_http_numeric_ip_host"},{"count":1,"date":"1616512934","entity":"flow","entity_val":"","msg":"<i class=\"fas fa-stream\"></i>  <A class='btn-sx' HREF='/lua/flow_details.lua?flow_key=1824062751&flow_hash_id=379'><i class='fas fa-search-plus'></i></A> <a href='/lua/host_details.lua?host=172.16.0.1' data-toggle='tooltip' title=''>172.16.0.1 <abbr title=\"Local\"><span class=\"badge badge-success\">L</span></abbr></a>:<A HREF=\"/lua/flows_stats.lua?port=59042\">59042</A>&nbsp; <i class=\"fas fa-exchange-alt fa-lg\"  aria-hidden=\"true\"></i> &nbsp;<a href='/lua/host_details.lua?host=192.168.10.50' data-toggle='tooltip' title=''>205.174.165.68 <abbr title=\"Remote\"><span class=\"badge badge-secondary\">R</span></abbr></a>:<A HREF=\"/lua/flows_stats.lua?port=80\">80</A> <a href=\"/lua/admin/edit_configset.lua?subdir=flow&user_script=ndpi_http_numeric_ip_host#all\"><i class=\"fas fa-cog\" title=\"Edit Configuration\"></i></a>","score":100,"severity":"error","type":"alert_ndpi_http_numeric_ip_host"},{"count":1,"date":"1616512934","entity":"flow","entity_val":"","msg":"<i class=\"fas fa-stream\"></i>  <A class='btn-sx' HREF='/lua/flow_details.lua?flow_key=1824042786&flow_hash_id=418'><i class='fas fa-search-plus'></i></A> <a href='/lua/host_details.lua?host=172.16.0.1' data-toggle='tooltip' title=''>172.16.0.1 <abbr title=\"Local\"><span class=\"badge badge-success\">L</span></abbr></a>:<A HREF=\"/lua/flows_stats.lua?port=59732\">59732</A>&nbsp; <i class=\"fas fa-exchange-alt fa-lg\"  aria-hidden=\"true\"></i> &nbsp;<a href='/lua/host_details.lua?host=192.168.10.50' data-toggle='tooltip' title=''>205.174.165.68 <abbr title=\"Remote\"><span class=\"badge badge-secondary\">R</span></abbr></a>:<A HREF=\"/lua/flows_stats.lua?port=80\">80</A> <a href=\"/lua/admin/edit_configset.lua?subdir=flow&user_script=ndpi_http_numeric_ip_host#all\"><i class=\"fas fa-cog\" title=\"Edit Configuration\"></i></a>","score":100,"severity":"error","type":"alert_ndpi_http_numeric_ip_host"},{"count":1,"date":"1616512934","entity":"flow","entity_val":"","msg":"<i class=\"fas fa-stream\"></i>  <A class='btn-sx' HREF='/lua/flow_details.lua?flow_key=1824033573&flow_hash_id=457'><i class='fas fa-search-plus'></i></A> <a href='/lua/host_details.lua?host=172.16.0.1' data-toggle='tooltip' title=''>172.16.0.1 <abbr title=\"Local\"><span class=\"badge badge-success\">L</span></abbr></a>:<A HREF=\"/lua/flows_stats.lua?port=60464\">60464</A>&nbsp; <i class=\"fas fa-exchange-alt fa-lg\"  aria-hidden=\"true\"></i> &nbsp;<a href='/lua/host_details.lua?host=192.168.10.50' data-toggle='tooltip' title=''>205.174.165.68 <abbr title=\"Remote\"><span class=\"badge badge-secondary\">R</span></abbr></a>:<A HREF=\"/lua/flows_stats.lua?port=80\">80</A> <a href=\"/lua/admin/edit_configset.lua?subdir=flow&user_script=ndpi_http_numeric_ip_host#all\"><i class=\"fas fa-cog\" title=\"Edit Configuration\"></i></a>","score":100,"severity":"error","type":"alert_ndpi_http_numeric_ip_host"},{"count":1,"date":"1616512935","entity":"flow","entity_val":"","msg":"<i class=\"fas fa-stream\"></i>  <A class='btn-sx' HREF='/lua/flow_details.lua?flow_key=1824056505&flow_hash_id=494'><i class='fas fa-search-plus'></i></A> <a href='/lua/host_details.lua?host=172.16.0.1' data-toggle='tooltip' title=''>172.16.0.1 <abbr title=\"Local\"><span class=\"badge badge-success\">L</span></abbr></a>:<A HREF=\"/lua/flows_stats.lua?port=32906\">32906</A>&nbsp; <i class=\"fas fa-exchange-alt fa-lg\"  aria-hidden=\"true\"></i> &nbsp;<a href='/lua/host_details.lua?host=192.168.10.50' data-toggle='tooltip' title=''>205.174.165.68 <abbr title=\"Remote\"><span class=\"badge badge-secondary\">R</span></abbr></a>:<A HREF=\"/lua/flows_stats.lua?port=80\">80</A> <a href=\"/lua/admin/edit_configset.lua?subdir=flow&user_script=ndpi_http_numeric_ip_host#all\"><i class=\"fas fa-cog\" title=\"Edit Configuration\"></i></a>","score":100,"severity":"error","type":"alert_ndpi_http_numeric_ip_host"},{"count":1,"date":"1616512935","entity":"flow","entity_val":"","msg":"<i class=\"fas fa-stream\"></i>  <A class='btn-sx' HREF='/lua/flow_details.lua?flow_key=1824080062&flow_hash_id=568'><i class='fas fa-search-plus'></i></A> <a href='/lua/host_details.lua?host=172.16.0.1' data-toggle='tooltip' title=''>172.16.0.1 <abbr title=\"Local\"><span class=\"badge badge-success\">L</span></abbr></a>:<A HREF=\"/lua/flows_stats.lua?port=34278\">34278</A>&nbsp; <i class=\"fas fa-exchange-alt fa-lg\"  aria-hidden=\"true\"></i> &nbsp;<a href='/lua/host_details.lua?host=192.168.10.50' data-toggle='tooltip' title=''>205.174.165.68 <abbr title=\"Remote\"><span class=\"badge badge-secondary\">R</span></abbr></a>:<A HREF=\"/lua/flows_stats.lua?port=80\">80</A> <a href=\"/lua/admin/edit_configset.lua?subdir=flow&user_script=ndpi_http_numeric_ip_host#all\"><i class=\"fas fa-cog\" title=\"Edit Configuration\"></i></a>","score":100,"severity":"error","type":"alert_ndpi_http_numeric_ip_host"},{"count":1,"date":"1616512945","entity":"flow","entity_val":"","msg":"<i class=\"fas fa-stream\"></i>  <A class='btn-sx' HREF='/lua/flow_details.lua?flow_key=1824031940&flow_hash_id=642'><i class='fas fa-search-plus'></i></A> <a href='/lua/host_details.lua?host=172.16.0.1' data-toggle='tooltip' title=''>172.16.0.1 <abbr title=\"Local\"><span class=\"badge badge-success\">L</span></abbr></a>:<A HREF=\"/lua/flows_stats.lua?port=35626\">35626</A>&nbsp; <i class=\"fas fa-exchange-alt fa-lg\"  aria-hidden=\"true\"></i> &nbsp;<a href='/lua/host_details.lua?host=192.168.10.50' data-toggle='tooltip' title=''>205.174.165.68 <abbr title=\"Remote\"><span class=\"badge badge-secondary\">R</span></abbr></a>:<A HREF=\"/lua/flows_stats.lua?port=80\">80</A> <a href=\"/lua/admin/edit_configset.lua?subdir=flow&user_script=ndpi_http_numeric_ip_host#all\"><i class=\"fas fa-cog\" title=\"Edit Configuration\"></i></a>","score":100,"severity":"error","type":"alert_ndpi_http_numeric_ip_host"}]}
