{"success":true}
{"rc":0,"rc_str":"OK","rc_str_hr":"Success","rsp":[{"count":1,"date":"1618247308","entity":"flow","entity_val":"","msg":"Suspicious TCP Probing <i class=\"fas fa-stream\"></i>  <A class='btn-sx' HREF='/lua/flow_details.lua?flow_key=954689121&flow_hash_id=4'><i class='fas fa-search-plus'></i></A> <a href='/lua/host_details.lua?host=192.168.1.3' data-toggle='tooltip' title=''>192.168.1.3 <abbr title=\"Local\"><span class=\"badge badge-success\">L</span></abbr></a>:<A HREF=\"/lua/flows_stats.lua?port=52894\">52894</A> [ <A HREF=\"/lua/hosts_stats.lua?mac=C4:2C:03:06:49:FE\">C4:2C:03:06:49:FE</A> ]&nbsp; <i class=\"fas fa-exchange-alt fa-lg\"  aria-hidden=\"true\"></i> &nbsp;<a href='/lua/host_details.lua?host=120.62.33.241' data-toggle='tooltip' title=''>120.62.33.241 <abbr title=\"Remote\"><span class=\"badge badge-secondary\">R</span></abbr></a>:<A HREF=\"/lua/flows_stats.lua?port=39332\">39332</A> [ <A HREF=\"/lua/hosts_stats.lua?mac=2C:56:DC:8C:35:34\">2C:56:DC:8C:35:34</A> ] <a href=\"/lua/admin/edit_configset.lua?subdir=flow&user_script=suspicious_tcp_probing#all\"><i class=\"fas fa-cog\" title=\"Edit Configuration\"></i></a>","score":35,"severity":"notice","type":"alert_suspicious_tcp_probing"},{"count":1,"date":"1618247308","entity":"flow","entity_val":"","msg":"Suspicious TCP Probing <i class=\"fas fa-stream\"></i>  <A class='btn-sx' HREF='/lua/flow_details.lua?flow_key=266363164&flow_hash_id=6'><i class='fas fa-search-plus'></i></A> <a href='/lua/host_details.lua?host=192.168.1.3' data-toggle='tooltip' title=''>192.168.1.3 <abbr title=\"Local\"><span class=\"badge badge-success\">L</span></abbr></a>:<A HREF=\"/lua/flows_stats.lua?port=52893\">52893</A> [ <A HREF=\"/lua/hosts_stats.lua?mac=C4:2C:03:06:49:FE\">C4:2C:03:06:49:FE</A> ]&nbsp; <i class=\"fas fa-exchange-alt fa-lg\"  aria-hidden=\"true\"></i> &nbsp;<a href='/lua/host_details.lua?host=79.55.129.22' data-toggle='tooltip' title=''>79.55.129.22 <abbr title=\"Remote\"><span class=\"badge badge-secondary\">R</span></abbr></a>:<A HREF=\"/lua/flows_stats.lua?port=12097\">12097</A> [ <A HREF=\"/lua/hosts_stats.lua?mac=2C:56:DC:8C:35:34\">2C:56:DC:8C:35:34</A> ] <a href=\"/lua/admin/edit_configset.lua?subdir=flow&user_script=suspicious_tcp_probing#all\"><i class=\"fas fa-cog\" title=\"Edit Configuration\"></i></a>","score":35,"severity":"notice","type":"alert_suspicious_tcp_probing"},{"count":1,"date":"1618247308","entity":"flow","entity_val":"","msg":"Suspicious TCP Probing <i class=\"fas fa-stream\"></i>  <A class='btn-sx' HREF='/lua/flow_details.lua?flow_key=2131793093&flow_hash_id=8'><i class='fas fa-search-plus'></i></A> <a href='/lua/host_details.lua?host=192.168.1.3' data-toggle='tooltip' title=''>192.168.1.3 <abbr title=\"Local\"><span class=\"badge badge-success\">L</span></abbr></a>:<A HREF=\"/lua/flows_stats.lua?port=52902\">52902</A> [ <A HREF=\"/lua/hosts_stats.lua?mac=C4:2C:03:06:49:FE\">C4:2C:03:06:49:FE</A> ]&nbsp; <i class=\"fas fa-exchange-alt fa-lg\"  aria-hidden=\"true\"></i> &nbsp;<a href='/lua/host_details.lua?host=190.103.195.56' data-toggle='tooltip' title=''>190.103.195.56 <abbr title=\"Remote\"><span class=\"badge badge-secondary\">R</span></abbr></a>:<A HREF=\"/lua/flows_stats.lua?port=46633\">46633</A> [ <A HREF=\"/lua/hosts_stats.lua?mac=2C:56:DC:8C:35:34\">2C:56:DC:8C:35:34</A> ] <a href=\"/lua/admin/edit_configset.lua?subdir=flow&user_script=suspicious_tcp_probing#all\"><i class=\"fas fa-cog\" title=\"Edit Configuration\"></i></a>","score":35,"severity":"notice","type":"alert_suspicious_tcp_probing"},{"count":1,"date":"1618247308","entity":"flow","entity_val":"","msg":"Suspicious TCP Probing <i class=\"fas fa-stream\"></i>  <A class='btn-sx' HREF='/lua/flow_details.lua?flow_key=316942047&flow_hash_id=9'><i class='fas fa-search-plus'></i></A> <a href='/lua/host_details.lua?host=192.168.1.3' data-toggle='tooltip' title=''>192.168.1.3 <abbr title=\"Local\"><span class=\"badge badge-success\">L</span></abbr></a>:<A HREF=\"/lua/flows_stats.lua?port=52907\">52907</A> [ <A HREF=\"/lua/hosts_stats.lua?mac=C4:2C:03:06:49:FE\">C4:2C:03:06:49:FE</A> ]&nbsp; <i class=\"fas fa-exchange-alt fa-lg\"  aria-hidden=\"true\"></i> &nbsp;<a href='/lua/host_details.lua?host=82.58.216.115' data-toggle='tooltip' title=''>82.58.216.115 <abbr title=\"Remote\"><span class=\"badge badge-secondary\">R</span></abbr></a>:<A HREF=\"/lua/flows_stats.lua?port=38305\">38305</A> [ <A HREF=\"/lua/hosts_stats.lua?mac=2C:56:DC:8C:35:34\">2C:56:DC:8C:35:34</A> ] <a href=\"/lua/admin/edit_configset.lua?subdir=flow&user_script=suspicious_tcp_probing#all\"><i class=\"fas fa-cog\" title=\"Edit Configuration\"></i></a>","score":35,"severity":"notice","type":"alert_suspicious_tcp_probing"},{"count":1,"date":"1618247308","entity":"flow","entity_val":"","msg":"Suspicious TCP Probing <i class=\"fas fa-stream\"></i>  <A class='btn-sx' HREF='/lua/flow_details.lua?flow_key=266253842&flow_hash_id=13'><i class='fas fa-search-plus'></i></A> <a href='/lua/host_details.lua?host=192.168.1.3' data-toggle='tooltip' title=''>192.168.1.3 <abbr title=\"Local\"><span class=\"badge badge-success\">L</span></abbr></a>:<A HREF=\"/lua/flows_stats.lua?port=52909\">52909</A> [ <A HREF=\"/lua/hosts_stats.lua?mac=C4:2C:03:06:49:FE\">C4:2C:03:06:49:FE</A> ]&nbsp; <i class=\"fas fa-exchange-alt fa-lg\"  aria-hidden=\"true\"></i> &nbsp;<a href='/lua/host_details.lua?host=79.53.228.2' data-toggle='tooltip' title=''>79.53.228.2 <abbr title=\"Remote\"><span class=\"badge badge-secondary\">R</span></abbr></a>:<A HREF=\"/lua/flows_stats.lua?port=14627\">14627</A> [ <A HREF=\"/lua/hosts_stats.lua?mac=2C:56:DC:8C:35:34\">2C:56:DC:8C:35:34</A> ] <a href=\"/lua/admin/edit_configset.lua?subdir=flow&user_script=suspicious_tcp_probing#all\"><i class=\"fas fa-cog\" title=\"Edit Configuration\"></i></a>","score":35,"severity":"notice","type":"alert_suspicious_tcp_probing"},{"count":1,"date":"1618247308","entity":"flow","entity_val":"","msg":"Suspicious TCP Probing <i class=\"fas fa-stream\"></i>  <A class='btn-sx' HREF='/lua/flow_details.lua?flow_key=266367004&flow_hash_id=15'><i class='fas fa-search-plus'></i></A> <a href='/lua/host_details.lua?host=192.168.1.3' data-toggle='tooltip' title=''>192.168.1.3 <abbr title=\"Local\"><span class=\"badge badge-success\">L</span></abbr></a>:<A HREF=\"/lua/flows_stats.lua?port=52908\">52908</A> [ <A HREF=\"/lua/hosts_stats.lua?mac=C4:2C:03:06:49:FE\">C4:2C:03:06:49:FE</A> ]&nbsp; <i class=\"fas fa-exchange-alt fa-lg\"  aria-hidden=\"true\"></i> &nbsp;<a href='/lua/host_details.lua?host=79.55.129.22' data-toggle='tooltip' title=''>79.55.129.22 <abbr title=\"Remote\"><span class=\"badge badge-secondary\">R</span></abbr></a>:<A HREF=\"/lua/flows_stats.lua?port=12097\">12097</A> [ <A HREF=\"/lua/hosts_stats.lua?mac=2C:56:DC:8C:35:34\">2C:56:DC:8C:35:34</A> ] <a href=\"/lua/admin/edit_configset.lua?subdir=flow&user_script=suspicious_tcp_probing#all\"><i class=\"fas fa-cog\" title=\"Edit Configuration\"></i></a>","score":35,"severity":"notice","type":"alert_suspicious_tcp_probing"},{"count":1,"date":"1618247308","entity":"flow","entity_val":"","msg":"Suspicious TCP Probing <i class=\"fas fa-stream\"></i>  <A class='btn-sx' HREF='/lua/flow_details.lua?flow_key=954693217&flow_hash_id=14'><i class='fas fa-search-plus'></i></A> <a href='/lua/host_details.lua?host=192.168.1.3' data-toggle='tooltip' title=''>192.168.1.3 <abbr title=\"Local\"><span class=\"badge badge-success\">L</span></abbr></a>:<A HREF=\"/lua/flows_stats.lua?port=52910\">52910</A> [ <A HREF=\"/lua/hosts_stats.lua?mac=C4:2C:03:06:49:FE\">C4:2C:03:06:49:FE</A> ]&nbsp; <i class=\"fas fa-exchange-alt fa-lg\"  aria-hidden=\"true\"></i> &nbsp;<a href='/lua/host_details.lua?host=120.62.33.241' data-toggle='tooltip' title=''>120.62.33.241 <abbr title=\"Remote\"><span class=\"badge badge-secondary\">R</span></abbr></a>:<A HREF=\"/lua/flows_stats.lua?port=39332\">39332</A> [ <A HREF=\"/lua/hosts_stats.lua?mac=2C:56:DC:8C:35:34\">2C:56:DC:8C:35:34</A> ] <a href=\"/lua/admin/edit_configset.lua?subdir=flow&user_script=suspicious_tcp_probing#all\"><i class=\"fas fa-cog\" title=\"Edit Configuration\"></i></a>","score":35,"severity":"notice","type":"alert_suspicious_tcp_probing"},{"count":1,"date":"1618247308","entity":"flow","entity_val":"","msg":"Suspicious TCP Probing <i class=\"fas fa-stream\"></i>  <A class='btn-sx' HREF='/lua/flow_details.lua?flow_key=2131796165&flow_hash_id=17'><i class='fas fa-search-plus'></i></A> <a href='/lua/host_details.lua?host=192.168.1.3' data-toggle='tooltip' title=''>192.168.1.3 <abbr title=\"Local\"><span class=\"badge badge-success\">L</span></abbr></a>:<A HREF=\"/lua/flows_stats.lua?port=52914\">52914</A> [ <A HREF=\"/lua/hosts_stats.lua?mac=C4:2C:03:06:49:FE\">C4:2C:03:06:49:FE</A> ]&nbsp; <i class=\"fas fa-exchange-alt fa-lg\"  aria-hidden=\"true\"></i> &nbsp;<a href='/lua/host_details.lua?host=190.103.195.56' data-toggle='tooltip' title=''>190.103.195.56 <abbr title=\"Remote\"><span class=\"badge badge-secondary\">R</span></abbr></a>:<A HREF=\"/lua/flows_stats.lua?port=46633\">46633</A> [ <A HREF=\"/lua/hosts_stats.lua?mac=2C:56:DC:8C:35:34\">2C:56:DC:8C:35:34</A> ] <a href=\"/lua/admin/edit_configset.lua?subdir=flow&user_script=suspicious_tcp_probing#all\"><i class=\"fas fa-cog\" title=\"Edit Configuration\"></i></a>","score":35,"severity":"notice","type":"alert_suspicious_tcp_probing"},{"count":1,"date":"1618247308","entity":"flow","entity_val":"","msg":"Suspicious TCP Probing <i class=\"fas fa-stream\"></i>  <A class='btn-sx' HREF='/lua/flow_details.lua?flow_key=501960325&flow_hash_id=23'><i class='fas fa-search-plus'></i></A> <a href='/lua/host_details.lua?host=192.168.1.3' data-toggle='tooltip' title=''>192.168.1.3 <abbr title=\"Local\"><span class=\"badge badge-success\">L</span></abbr></a>:<A HREF=\"/lua/flows_stats.lua?port=52925\">52925</A> [ <A HREF=\"/lua/hosts_stats.lua?mac=C4:2C:03:06:49:FE\">C4:2C:03:06:49:FE</A> ]&nbsp; <i class=\"fas fa-exchange-alt fa-lg\"  aria-hidden=\"true\"></i> &nbsp;<a href='/lua/host_details.lua?host=93.65.227.100' data-toggle='tooltip' title=''>93.65.227.100 <abbr title=\"Remote\"><span class=\"badge badge-secondary\">R</span></abbr></a>:<A HREF=\"/lua/flows_stats.lua?port=19116\">19116</A> [ <A HREF=\"/lua/hosts_stats.lua?mac=2C:56:DC:8C:35:34\">2C:56:DC:8C:35:34</A> ] <a href=\"/lua/admin/edit_configset.lua?subdir=flow&user_script=suspicious_tcp_probing#all\"><i class=\"fas fa-cog\" title=\"Edit Configuration\"></i></a>","score":35,"severity":"notice","type":"alert_suspicious_tcp_probing"}]}
