{"success":true}
{"rc":0,"rc_str":"OK","rc_str_hr":"Success","rsp":[]}
{"rc":0,"rc_str":"OK","rc_str_hr":"Success","recordsFiltered":3,"recordsTotal":3,"rsp":{"records":[{"alert_id":{"label":"<i class=\"fas fa-exclamation\"></i> Unexpected DNS found","value":"33"},"alert_name":"<i class=\"fas fa-exclamation\"></i> Unexpected DNS found","cli_ip":"192.168.43.91","cli_name":"","cli_port":"35966","cli_url":"<a href='/lua/host_details.lua?host=192.168.43.91' data-toggle='tooltip' title=''>192.168.43.91</a>","count":1,"duration":0,"is_attacker_to_victim":false,"is_victim_to_attacker":false,"l7_proto":{"label":"DNS","value":"5"},"msg":"Unexpected DNS server found: 4.2.2.4","proto":"17","row_id":"1","score":320,"severity":{"label":"<span class=\"badge badge-danger\">Error</span>","value":"5"},"srv_ip":"4.2.2.4","srv_name":"","srv_port":"53","srv_url":"<a href='/lua/host_details.lua?host=4.2.2.4' data-toggle='tooltip' title=''>4.2.2.4</a>","tstamp":"19:04:14","vlan_id":"0"},{"alert_id":{"label":"<i class=\"fas fa-exclamation\"></i> Unexpected DNS found","value":"33"},"alert_name":"<i class=\"fas fa-exclamation\"></i> Unexpected DNS found","cli_ip":"192.168.43.91","cli_name":"","cli_port":"46961","cli_url":"<a href='/lua/host_details.lua?host=192.168.43.91' data-toggle='tooltip' title=''>192.168.43.91</a>","count":1,"duration":0,"is_attacker_to_victim":false,"is_victim_to_attacker":false,"l7_proto":{"label":"DNS","value":"5"},"msg":"Unexpected DNS server found: 4.2.2.4","proto":"17","row_id":"2","score":320,"severity":{"label":"<span class=\"badge badge-danger\">Error</span>","value":"5"},"srv_ip":"4.2.2.4","srv_name":"","srv_port":"53","srv_url":"<a href='/lua/host_details.lua?host=4.2.2.4' data-toggle='tooltip' title=''>4.2.2.4</a>","tstamp":"19:04:14","vlan_id":"0"},{"alert_id":{"label":"<i class=\"fas fa-exclamation\"></i> Unexpected DNS found","value":"33"},"alert_name":"<i class=\"fas fa-exclamation\"></i> Unexpected DNS found","cli_ip":"192.168.43.91","cli_name":"","cli_port":"56354","cli_url":"<a href='/lua/host_details.lua?host=192.168.43.91' data-toggle='tooltip' title=''>192.168.43.91</a>","count":1,"duration":0,"is_attacker_to_victim":false,"is_victim_to_attacker":false,"l7_proto":{"label":"DNS","value":"5"},"msg":"Unexpected DNS server found: 4.2.2.4","proto":"17","row_id":"3","score":320,"severity":{"label":"<span class=\"badge badge-danger\">Error</span>","value":"5"},"srv_ip":"4.2.2.4","srv_name":"","srv_port":"53","srv_url":"<a href='/lua/host_details.lua?host=4.2.2.4' data-toggle='tooltip' title=''>4.2.2.4</a>","tstamp":"19:04:14","vlan_id":"0"}]}}
