{"success":true}
{"rc":0,"rc_str":"OK","rc_str_hr":"Success","recordsFiltered":6,"recordsTotal":6,"rsp":{"records":[{"alert_id":{"label":"<i class=\"fab fa-bitcoin\"></i> Web Mining","value":"27"},"alert_name":"<i class=\"fab fa-bitcoin\"></i> Web Mining","cli_ip":"192.168.1.142","cli_name":"","cli_port":"55317","cli_url":"<a href='/lua/host_details.lua?host=192.168.1.142' data-toggle='tooltip' title=''>192.168.1.142</a>","count":1,"duration":0,"is_attacker_to_victim":false,"is_victim_to_attacker":false,"l7_proto":{"label":"Mining","value":"42"},"msg":"","proto":"6","row_id":"1","score":80,"severity":{"label":"<span class=\"badge badge-danger\">Error</span>","value":"5"},"srv_ip":"188.165.213.169","srv_name":"","srv_port":"8333","srv_url":"<a href='/lua/host_details.lua?host=188.165.213.169' data-toggle='tooltip' title=''>188.165.213.169</a>","tstamp":"09:07:14","vlan_id":"0"},{"alert_id":{"label":"<i class=\"fab fa-bitcoin\"></i> Web Mining","value":"27"},"alert_name":"<i class=\"fab fa-bitcoin\"></i> Web Mining","cli_ip":"192.168.1.142","cli_name":"","cli_port":"55328","cli_url":"<a href='/lua/host_details.lua?host=192.168.1.142' data-toggle='tooltip' title=''>192.168.1.142</a>","count":1,"duration":0,"is_attacker_to_victim":false,"is_victim_to_attacker":false,"l7_proto":{"label":"Mining","value":"42"},"msg":"","proto":"6","row_id":"2","score":80,"severity":{"label":"<span class=\"badge badge-danger\">Error</span>","value":"5"},"srv_ip":"69.118.54.122","srv_name":"","srv_port":"8333","srv_url":"<a href='/lua/host_details.lua?host=69.118.54.122' data-toggle='tooltip' title=''>69.118.54.122</a>","tstamp":"09:07:14","vlan_id":"0"},{"alert_id":{"label":"<i class=\"fab fa-bitcoin\"></i> Web Mining","value":"27"},"alert_name":"<i class=\"fab fa-bitcoin\"></i> Web Mining","cli_ip":"192.168.1.142","cli_name":"","cli_port":"55348","cli_url":"<a href='/lua/host_details.lua?host=192.168.1.142' data-toggle='tooltip' title=''>192.168.1.142</a>","count":1,"duration":0,"is_attacker_to_victim":false,"is_victim_to_attacker":false,"l7_proto":{"label":"Mining","value":"42"},"msg":"","proto":"6","row_id":"3","score":80,"severity":{"label":"<span class=\"badge badge-danger\">Error</span>","value":"5"},"srv_ip":"74.89.181.229","srv_name":"","srv_port":"8333","srv_url":"<a href='/lua/host_details.lua?host=74.89.181.229' data-toggle='tooltip' title=''>74.89.181.229</a>","tstamp":"09:07:15","vlan_id":"0"},{"alert_id":{"label":"<i class=\"fab fa-bitcoin\"></i> Web Mining","value":"27"},"alert_name":"<i class=\"fab fa-bitcoin\"></i> Web Mining","cli_ip":"192.168.1.142","cli_name":"","cli_port":"55383","cli_url":"<a href='/lua/host_details.lua?host=192.168.1.142' data-toggle='tooltip' title=''>192.168.1.142</a>","count":1,"duration":0,"is_attacker_to_victim":false,"is_victim_to_attacker":false,"l7_proto":{"label":"Mining","value":"42"},"msg":"","proto":"6","row_id":"4","score":80,"severity":{"label":"<span class=\"badge badge-danger\">Error</span>","value":"5"},"srv_ip":"66.68.83.22","srv_name":"","srv_port":"8333","srv_url":"<a href='/lua/host_details.lua?host=66.68.83.22' data-toggle='tooltip' title=''>66.68.83.22</a>","tstamp":"09:07:15","vlan_id":"0"},{"alert_id":{"label":"<i class=\"fab fa-bitcoin\"></i> Web Mining","value":"27"},"alert_name":"<i class=\"fab fa-bitcoin\"></i> Web Mining","cli_ip":"192.168.1.142","cli_name":"","cli_port":"55400","cli_url":"<a href='/lua/host_details.lua?host=192.168.1.142' data-toggle='tooltip' title=''>192.168.1.142</a>","count":1,"duration":0,"is_attacker_to_victim":false,"is_victim_to_attacker":false,"l7_proto":{"label":"Mining","value":"42"},"msg":"","proto":"6","row_id":"5","score":80,"severity":{"label":"<span class=\"badge badge-danger\">Error</span>","value":"5"},"srv_ip":"195.218.16.178","srv_name":"","srv_port":"8333","srv_url":"<a href='/lua/host_details.lua?host=195.218.16.178' data-toggle='tooltip' title=''>195.218.16.178</a>","tstamp":"09:07:15","vlan_id":"0"},{"alert_id":{"label":"<i class=\"fab fa-bitcoin\"></i> Web Mining","value":"27"},"alert_name":"<i class=\"fab fa-bitcoin\"></i> Web Mining","cli_ip":"192.168.1.142","cli_name":"","cli_port":"55487","cli_url":"<a href='/lua/host_details.lua?host=192.168.1.142' data-toggle='tooltip' title=''>192.168.1.142</a>","count":1,"duration":0,"is_attacker_to_victim":false,"is_victim_to_attacker":false,"l7_proto":{"label":"Mining","value":"42"},"msg":"","proto":"6","row_id":"6","score":80,"severity":{"label":"<span class=\"badge badge-danger\">Error</span>","value":"5"},"srv_ip":"184.58.165.119","srv_name":"","srv_port":"8333","srv_url":"<a href='/lua/host_details.lua?host=184.58.165.119' data-toggle='tooltip' title=''>184.58.165.119</a>","tstamp":"09:07:15","vlan_id":"0"}]}}
