{"success":true}
{"rc":0,"rc_str":"OK","rc_str_hr":"Success","rsp":[{"count":1,"date":"1616513007","entity":"flow","entity_val":"","msg":" (TLSv1) <i class=\"fas fa-stream\"></i>  <A class='btn-sx' HREF='/lua/flow_details.lua?flow_key=473481660&flow_hash_id=0'><i class='fas fa-search-plus'></i></A> <a href='/lua/host_details.lua?host=192.168.1.252' data-toggle='tooltip' title=''>192.168.1.252 <abbr title=\"Remote\"><span class=\"badge badge-secondary\">R</span></abbr></a>:<A HREF=\"/lua/flows_stats.lua?port=51110\">51110</A>&nbsp; <i class=\"fas fa-exchange-alt fa-lg\"  aria-hidden=\"true\"></i> &nbsp;<a href='/lua/host_details.lua?host=91.143.93.242' data-toggle='tooltip' title=''>91.143.93.242 <abbr title=\"Remote\"><span class=\"badge badge-secondary\">R</span></abbr></a>:<A HREF=\"/lua/flows_stats.lua?port=443\">443</A> <a href=\"/lua/admin/edit_configset.lua?subdir=flow&user_script=tls_old_protocol_version#all\"><i class=\"fas fa-cog\" title=\"Edit Configuration\"></i></a>","score":120,"severity":"error","type":"alert_tls_old_protocol_version"},{"count":1,"date":"1616513007","entity":"flow","entity_val":"","msg":"<i class=\"fas fa-stream\"></i>  <A class='btn-sx' HREF='/lua/flow_details.lua?flow_key=4007958761&flow_hash_id=1'><i class='fas fa-search-plus'></i></A> <a href='/lua/host_details.lua?host=192.168.1.252' data-toggle='tooltip' title=''>192.168.1.252 <abbr title=\"Remote\"><span class=\"badge badge-secondary\">R</span></abbr></a>:<A HREF=\"/lua/flows_stats.lua?port=51111\">51111</A>&nbsp; <i class=\"fas fa-exchange-alt fa-lg\"  aria-hidden=\"true\"></i> &nbsp;<a href='/lua/host_details.lua?host=46.59.52.31' data-toggle='tooltip' title=''>46.59.52.31 <abbr title=\"Remote\"><span class=\"badge badge-secondary\">R</span></abbr></a>:<A HREF=\"/lua/flows_stats.lua?port=443\">443</A> <a href=\"/lua/admin/edit_configset.lua?subdir=flow&user_script=ndpi_suspicious_dga_domain#all\"><i class=\"fas fa-cog\" title=\"Edit Configuration\"></i></a>","score":320,"severity":"error","type":"alert_ndpi_suspicious_dga_domain"},{"count":1,"date":"1616513007","entity":"flow","entity_val":"","msg":"<i class=\"fas fa-stream\"></i>  <A class='btn-sx' HREF='/lua/flow_details.lua?flow_key=3884887039&flow_hash_id=2'><i class='fas fa-search-plus'></i></A> <a href='/lua/host_details.lua?host=192.168.1.252' data-toggle='tooltip' title=''>192.168.1.252 <abbr title=\"Remote\"><span class=\"badge badge-secondary\">R</span></abbr></a>:<A HREF=\"/lua/flows_stats.lua?port=51112\">51112</A>&nbsp; <i class=\"fas fa-exchange-alt fa-lg\"  aria-hidden=\"true\"></i> &nbsp;<a href='/lua/host_details.lua?host=38.229.70.53' data-toggle='tooltip' title=''>38.229.70.53 <abbr title=\"Remote\"><span class=\"badge badge-secondary\">R</span></abbr></a>:<A HREF=\"/lua/flows_stats.lua?port=443\">443</A> <a href=\"/lua/admin/edit_configset.lua?subdir=flow&user_script=ndpi_suspicious_dga_domain#all\"><i class=\"fas fa-cog\" title=\"Edit Configuration\"></i></a>","score":320,"severity":"error","type":"alert_ndpi_suspicious_dga_domain"},{"count":1,"date":"1616513007","entity":"flow","entity_val":"","msg":"<i class=\"fas fa-stream\"></i>  <A class='btn-sx' HREF='/lua/flow_details.lua?flow_key=2169575436&flow_hash_id=4'><i class='fas fa-search-plus'></i></A> <a href='/lua/host_details.lua?host=192.168.1.252' data-toggle='tooltip' title=''>192.168.1.252 <abbr title=\"Remote\"><span class=\"badge badge-secondary\">R</span></abbr></a>:<A HREF=\"/lua/flows_stats.lua?port=138\">138</A>&nbsp; <i class=\"fas fa-exchange-alt fa-lg\"  aria-hidden=\"true\"></i> &nbsp;<a href='/lua/host_details.lua?host=192.168.1.255' data-toggle='tooltip' title=''>endian-pc <abbr title=\"Remote\"><span class=\"badge badge-secondary\">R</span></abbr></a>:<A HREF=\"/lua/flows_stats.lua?port=138\">138</A> <a href=\"/lua/admin/edit_configset.lua?subdir=flow&user_script=ndpi_unsafe_protocol#all\"><i class=\"fas fa-cog\" title=\"Edit Configuration\"></i></a>","score":145,"severity":"error","type":"alert_ndpi_unsafe_protocol"},{"count":1,"date":"1616513007","entity":"flow","entity_val":"","msg":"<i class=\"fas fa-stream\"></i>  <A class='btn-sx' HREF='/lua/flow_details.lua?flow_key=473498300&flow_hash_id=7'><i class='fas fa-search-plus'></i></A> <a href='/lua/host_details.lua?host=192.168.1.252' data-toggle='tooltip' title=''>192.168.1.252 <abbr title=\"Remote\"><span class=\"badge badge-secondary\">R</span></abbr></a>:<A HREF=\"/lua/flows_stats.lua?port=51175\">51175</A>&nbsp; <i class=\"fas fa-exchange-alt fa-lg\"  aria-hidden=\"true\"></i> &nbsp;<a href='/lua/host_details.lua?host=91.143.93.242' data-toggle='tooltip' title=''>91.143.93.242 <abbr title=\"Remote\"><span class=\"badge badge-secondary\">R</span></abbr></a>:<A HREF=\"/lua/flows_stats.lua?port=443\">443</A> <a href=\"/lua/admin/edit_configset.lua?subdir=flow&user_script=ndpi_suspicious_dga_domain#all\"><i class=\"fas fa-cog\" title=\"Edit Configuration\"></i></a>","score":320,"severity":"error","type":"alert_ndpi_suspicious_dga_domain"},{"count":1,"date":"1616513007","entity":"flow","entity_val":"","msg":" (TLSv1) <i class=\"fas fa-stream\"></i>  <A class='btn-sx' HREF='/lua/flow_details.lua?flow_key=2499624900&flow_hash_id=6'><i class='fas fa-search-plus'></i></A> <a href='/lua/host_details.lua?host=192.168.1.252' data-toggle='tooltip' title=''>192.168.1.252 <abbr title=\"Remote\"><span class=\"badge badge-secondary\">R</span></abbr></a>:<A HREF=\"/lua/flows_stats.lua?port=51174\">51174</A>&nbsp; <i class=\"fas fa-exchange-alt fa-lg\"  aria-hidden=\"true\"></i> &nbsp;<a href='/lua/host_details.lua?host=212.83.155.250' data-toggle='tooltip' title=''>212.83.155.250 <abbr title=\"Remote\"><span class=\"badge badge-secondary\">R</span></abbr></a>:<A HREF=\"/lua/flows_stats.lua?port=443\">443</A> <a href=\"/lua/admin/edit_configset.lua?subdir=flow&user_script=tls_old_protocol_version#all\"><i class=\"fas fa-cog\" title=\"Edit Configuration\"></i></a>","score":120,"severity":"error","type":"alert_tls_old_protocol_version"},{"count":1,"date":"1616513007","entity":"flow","entity_val":"","msg":" (TLSv1) <i class=\"fas fa-stream\"></i>  <A class='btn-sx' HREF='/lua/flow_details.lua?flow_key=3884903423&flow_hash_id=8'><i class='fas fa-search-plus'></i></A> <a href='/lua/host_details.lua?host=192.168.1.252' data-toggle='tooltip' title=''>192.168.1.252 <abbr title=\"Remote\"><span class=\"badge badge-secondary\">R</span></abbr></a>:<A HREF=\"/lua/flows_stats.lua?port=51176\">51176</A>&nbsp; <i class=\"fas fa-exchange-alt fa-lg\"  aria-hidden=\"true\"></i> &nbsp;<a href='/lua/host_details.lua?host=38.229.70.53' data-toggle='tooltip' title=''>38.229.70.53 <abbr title=\"Remote\"><span class=\"badge badge-secondary\">R</span></abbr></a>:<A HREF=\"/lua/flows_stats.lua?port=443\">443</A> <a href=\"/lua/admin/edit_configset.lua?subdir=flow&user_script=tls_old_protocol_version#all\"><i class=\"fas fa-cog\" title=\"Edit Configuration\"></i></a>","score":120,"severity":"error","type":"alert_tls_old_protocol_version"},{"count":1,"date":"1616513007","entity":"flow","entity_val":"","msg":" (TLSv1) <i class=\"fas fa-stream\"></i>  <A class='btn-sx' HREF='/lua/flow_details.lua?flow_key=4286331056&flow_hash_id=9'><i class='fas fa-search-plus'></i></A> <a href='/lua/host_details.lua?host=192.168.1.252' data-toggle='tooltip' title=''>192.168.1.252 <abbr title=\"Remote\"><span class=\"badge badge-secondary\">R</span></abbr></a>:<A HREF=\"/lua/flows_stats.lua?port=51185\">51185</A>&nbsp; <i class=\"fas fa-exchange-alt fa-lg\"  aria-hidden=\"true\"></i> &nbsp;<a href='/lua/host_details.lua?host=62.210.137.230' data-toggle='tooltip' title=''>62.210.137.230 <abbr title=\"Remote\"><span class=\"badge badge-secondary\">R</span></abbr></a>:<A HREF=\"/lua/flows_stats.lua?port=443\">443</A> <a href=\"/lua/admin/edit_configset.lua?subdir=flow&user_script=tls_old_protocol_version#all\"><i class=\"fas fa-cog\" title=\"Edit Configuration\"></i></a>","score":120,"severity":"error","type":"alert_tls_old_protocol_version"},{"count":1,"date":"1616513007","entity":"flow","entity_val":"","msg":"<i class=\"fas fa-stream\"></i>  <A class='btn-sx' HREF='/lua/flow_details.lua?flow_key=2169551769&flow_hash_id=3'><i class='fas fa-search-plus'></i></A> <a href='/lua/host_details.lua?host=192.168.1.1' data-toggle='tooltip' title=''>192.168.1.1 <abbr title=\"Remote\"><span class=\"badge badge-secondary\">R</span></abbr></a>:<A HREF=\"/lua/flows_stats.lua?port=17500\">17500</A>&nbsp; <i class=\"fas fa-exchange-alt fa-lg\"  aria-hidden=\"true\"></i> &nbsp;<a href='/lua/host_details.lua?host=192.168.1.255' data-toggle='tooltip' title=''>192.168.1.255 <abbr title=\"Remote\"><span class=\"badge badge-secondary\">R</span></abbr></a>:<A HREF=\"/lua/flows_stats.lua?port=17500\">17500</A> <a href=\"/lua/admin/edit_configset.lua?subdir=flow&user_script=remote_to_remote#all\"><i class=\"fas fa-cog\" title=\"Edit Configuration\"></i></a>","score":20,"severity":"notice","type":"alert_remote_to_remote"},{"count":1,"date":"1616513007","entity":"flow","entity_val":"","msg":"Suspicious TCP Probing <i class=\"fas fa-stream\"></i>  <A class='btn-sx' HREF='/lua/flow_details.lua?flow_key=1575058424&flow_hash_id=5'><i class='fas fa-search-plus'></i></A> <a href='/lua/host_details.lua?host=192.168.1.252' data-toggle='tooltip' title=''>192.168.1.252 <abbr title=\"Remote\"><span class=\"badge badge-secondary\">R</span></abbr></a>:<A HREF=\"/lua/flows_stats.lua?port=51104\">51104</A>&nbsp; <i class=\"fas fa-exchange-alt fa-lg\"  aria-hidden=\"true\"></i> &nbsp;<a href='/lua/host_details.lua?host=157.56.30.46' data-toggle='tooltip' title=''>157.56.30.46 <abbr title=\"Remote\"><span class=\"badge badge-secondary\">R</span></abbr></a>:<A HREF=\"/lua/flows_stats.lua?port=443\">443</A> <a href=\"/lua/admin/edit_configset.lua?subdir=flow&user_script=suspicious_tcp_probing#all\"><i class=\"fas fa-cog\" title=\"Edit Configuration\"></i></a>","score":55,"severity":"info","type":"alert_suspicious_tcp_probing"}]}
