{"rc":0,"rc_str":"OK","rsp":[{"count":132,"id":6},{"count":46,"id":17}]}
