{"rc":0,"rc_str":"OK","rsp":{"alerted_flows":37,"bytes":3744757,"bytes_download":3744757,"bytes_upload":0,"dropped_alerts":0,"drops":0,"engaged_alerts":0,"epoch":1590761924,"flows_pctg":1,"has_alerts":true,"hosts_pctg":1,"ifid":"0","ifname":"test_01.pcap","is_view":false,"local2remote":185214,"localtime":"16:18:44 +0200","macs_pctg":1,"num_devices":4,"num_flows":178,"num_hosts":42,"num_live_captures":0,"num_local_hosts":4,"packets":5000,"packets_download":5000,"packets_upload":0,"periodic_stats_update_frequency_secs":5,"profiles":[],"remote2local":3332878,"remote_bps":0,"remote_pps":0,"speed":1000,"system_host_stats":{"alerts_queries":121,"cpu_load":0,"dropped_alerts":0,"mem_buffers":117412,"mem_cached":1194156,"mem_free":2148336,"mem_ntopng_resident":171984,"mem_ntopng_virtual":1594360,"mem_shmem":25124,"mem_sreclaimable":52988,"mem_total":4046248,"mem_used":558480,"written_alerts":159},"tcpPacketStats":{"lost":0,"out_of_order":0,"retransmissions":10},"throughput":{"download":{"bps":0,"pps":0},"upload":{"bps":0,"pps":0}},"throughput_bps":0,"throughput_pps":0,"ts_alerts":[],"uptime":"01:18:33"}}
