{"rc":0,"rc_str":"OK","rc_str_hr":"Success","rsp":[{"duration":5,"label":"TLS","value":1301971},{"duration":5,"label":"Facebook","value":232071},{"duration":5,"label":"GoogleServices","value":126408},{"label":"Other","value":127629}]}
