{"rc":0,"rc_str":"OK","rsp":[{"label":"TLS","url":"/lua/flows_stats.lua?application=TLS","value":3158850},{"label":"Facebook","url":"/lua/flows_stats.lua?application=Facebook","value":230327},{"label":"GoogleServices","url":"/lua/flows_stats.lua?application=GoogleServices","value":124664},{"label":"Other","value":230916}]}
