{"rc":0,"rc_str":"OK","rc_str_hr":"Success","rsp":[{"duration":0,"label":"Safe","value":1343745},{"duration":0,"label":"Fun","value":232071},{"duration":0,"label":"Acceptable","value":182847},{"label":"Other","value":29416}]}
