{"rsp":{"0":{"config":{"flow":{"blacklisted":{"all":{"enabled":true,"script_conf":[]}},"country_check":{"all":{"enabled":false,"script_conf":{"items":[]}}},"data_exfiltration":{"all":{"enabled":true,"script_conf":[]}},"device_protocol_not_allowed":{"all":{"enabled":true,"script_conf":[]}},"dns_data_exfiltration":{"all":{"enabled":true,"script_conf":[]}},"elephant_flows":{"all":{"enabled":true,"script_conf":{"items":["DataTransfer","Cloud","SoftwareUpdate","Streaming"],"l2r_bytes_value":1073741824,"r2l_bytes_value":1073741824}}},"external_alert_check":{"all":{"enabled":true,"script_conf":[]}},"flow_logger":{"all":{"enabled":false,"script_conf":{"log_file":"/tmp/flows_log","log_mode":"console"}}},"flow_risks":{"all":{"enabled":true,"script_conf":[]}},"invalid_dns_query":{"all":{"enabled":true,"script_conf":{"items":["sophosxl.net"]}}},"long_lived":{"all":{"enabled":true,"script_conf":{"items":["Database"],"min_duration":43200}}},"mud":{"all":{"enabled":false,"script_conf":{"device_types":["printer","video","iot"],"max_recording":3600}}},"nedge_blocked":{"all":{"enabled":true,"script_conf":[]}},"not_purged":{"all":{"enabled":true,"script_conf":[]}},"potentially_dangerous":{"all":{"enabled":true,"script_conf":[]}},"remote_to_remote":{"all":{"enabled":true,"script_conf":[]}},"tcp_probing":{"all":{"enabled":true,"script_conf":[]}},"tls_certificate_expired":{"all":{"enabled":true,"script_conf":[]}},"tls_certificate_mismatch":{"all":{"enabled":true,"script_conf":[]}},"tls_certificate_selfsigned":{"all":{"enabled":true,"script_conf":[]}},"tls_malicious_signature":{"all":{"enabled":true,"script_conf":[]}},"tls_old_version":{"all":{"enabled":true,"script_conf":[]}},"tls_unsafe_ciphers":{"all":{"enabled":true,"script_conf":[]}},"udp_unidirectional":{"all":{"enabled":true,"script_conf":[]}},"web_mining":{"all":{"enabled":true,"script_conf":[]}}},"host":{"active":{"5mins":{"enabled":false,"script_conf":[]},"day":{"enabled":false,"script_conf":[]},"hour":{"enabled":false,"script_conf":[]},"min":{"enabled":false,"script_conf":[]}},"bytes":{"5mins":{"enabled":false,"script_conf":[]},"day":{"enabled":false,"script_conf":[]},"hour":{"enabled":false,"script_conf":[]},"min":{"enabled":false,"script_conf":[]}},"dns":{"5mins":{"enabled":false,"script_conf":[]},"day":{"enabled":false,"script_conf":[]},"hour":{"enabled":false,"script_conf":[]},"min":{"enabled":false,"script_conf":[]}},"flow_flood_attacker":{"min":{"enabled":true,"script_conf":{"operator":"gt","threshold":50}}},"flow_flood_victim":{"min":{"enabled":true,"script_conf":{"operator":"gt","threshold":50}}},"flows":{"5mins":{"enabled":false,"script_conf":[]},"day":{"enabled":false,"script_conf":[]},"hour":{"enabled":false,"script_conf":[]},"min":{"enabled":false,"script_conf":[]}},"host_score":{"min":{"enabled":true,"script_conf":{"operator":"gt","threshold":999}}},"idle":{"5mins":{"enabled":false,"script_conf":[]},"day":{"enabled":false,"script_conf":[]},"hour":{"enabled":false,"script_conf":[]},"min":{"enabled":false,"script_conf":[]}},"p2p":{"5mins":{"enabled":false,"script_conf":[]},"day":{"enabled":false,"script_conf":[]},"hour":{"enabled":false,"script_conf":[]},"min":{"enabled":false,"script_conf":[]}},"packets":{"5mins":{"enabled":false,"script_conf":[]},"day":{"enabled":false,"script_conf":[]},"hour":{"enabled":false,"script_conf":[]},"min":{"enabled":false,"script_conf":[]}},"request_reply_ratio":{"5mins":{"enabled":true,"script_conf":{"operator":"lt","threshold":50}}},"syn_flood_attacker":{"min":{"enabled":true,"script_conf":{"operator":"gt","threshold":50}}},"syn_flood_victim":{"min":{"enabled":true,"script_conf":{"operator":"gt","threshold":50}}},"syn_scan_attacker":{"min":{"enabled":true,"script_conf":{"operator":"gt","threshold":50}}},"syn_scan_victim":{"min":{"enabled":true,"script_conf":{"operator":"gt","threshold":30}}},"throughput":{"5mins":{"enabled":false,"script_conf":[]},"day":{"enabled":false,"script_conf":[]},"hour":{"enabled":false,"script_conf":[]},"min":{"enabled":false,"script_conf":[]}}},"interface":{"active_local_hosts":{"5mins":{"enabled":false,"script_conf":[]},"day":{"enabled":false,"script_conf":[]},"hour":{"enabled":false,"script_conf":[]},"min":{"enabled":false,"script_conf":[]}},"bytes":{"5mins":{"enabled":false,"script_conf":[]},"day":{"enabled":false,"script_conf":[]},"hour":{"enabled":false,"script_conf":[]},"min":{"enabled":false,"script_conf":[]}},"dns":{"5mins":{"enabled":false,"script_conf":[]},"day":{"enabled":false,"script_conf":[]},"hour":{"enabled":false,"script_conf":[]},"min":{"enabled":false,"script_conf":[]}},"flow_calls_drops":{"min":{"enabled":true,"script_conf":[]}},"ghost_networks":{"min":{"enabled":true,"script_conf":[]}},"idle":{"5mins":{"enabled":false,"script_conf":[]},"day":{"enabled":false,"script_conf":[]},"hour":{"enabled":false,"script_conf":[]},"min":{"enabled":false,"script_conf":[]}},"p2p":{"5mins":{"enabled":false,"script_conf":[]},"day":{"enabled":false,"script_conf":[]},"hour":{"enabled":false,"script_conf":[]},"min":{"enabled":false,"script_conf":[]}},"packets":{"5mins":{"enabled":false,"script_conf":[]},"day":{"enabled":false,"script_conf":[]},"hour":{"enabled":false,"script_conf":[]},"min":{"enabled":false,"script_conf":[]}},"periodic_activity_not_executed":{"min":{"enabled":true,"script_conf":[]}},"slow_periodic_activity":{"min":{"enabled":true,"script_conf":[]}},"slow_purge":{"min":{"enabled":true,"script_conf":{"operator":"gt","threshold":50}}},"throughput":{"5mins":{"enabled":false,"script_conf":[]},"day":{"enabled":false,"script_conf":[]},"hour":{"enabled":false,"script_conf":[]},"min":{"enabled":false,"script_conf":[]}},"too_many_drops":{"min":{"enabled":true,"script_conf":{"operator":"gt","threshold":5}}},"too_many_flows":{"min":{"enabled":true,"script_conf":[]}},"too_many_hosts":{"min":{"enabled":true,"script_conf":[]}}},"network":{"egress":{"5mins":{"enabled":false,"script_conf":[]},"day":{"enabled":false,"script_conf":[]},"hour":{"enabled":false,"script_conf":[]},"min":{"enabled":false,"script_conf":[]}},"flow_flood_victim":{"min":{"enabled":false,"script_conf":[]}},"ingress":{"5mins":{"enabled":false,"script_conf":[]},"day":{"enabled":false,"script_conf":[]},"hour":{"enabled":false,"script_conf":[]},"min":{"enabled":false,"script_conf":[]}},"inner":{"5mins":{"enabled":false,"script_conf":[]},"day":{"enabled":false,"script_conf":[]},"hour":{"enabled":false,"script_conf":[]},"min":{"enabled":false,"script_conf":[]}},"syn_flood_victim":{"min":{"enabled":false,"script_conf":[]}},"syn_scan_victim":{"min":{"enabled":false,"script_conf":[]}}},"snmp_device":{"lldp_topology_changed":{"all":{"enabled":false,"script_conf":[]}},"snmp_device_interface_discards_errors":{"all":{"enabled":true,"script_conf":[]}},"snmp_device_interface_duplex_status_change":{"all":{"enabled":true,"script_conf":[]}},"snmp_device_interface_load":{"all":{"enabled":true,"script_conf":{"operator":"gt","threshold":99}}},"snmp_device_interface_mac_changed":{"all":{"enabled":true,"script_conf":[]}},"snmp_device_interface_status_change":{"all":{"enabled":true,"script_conf":[]}},"snmp_device_reset":{"all":{"enabled":true,"script_conf":[]}},"snmp_rsi":{"all":{"enabled":false,"script_conf":[]}}},"syslog":{"fortinet":{"all":{"enabled":true,"script_conf":[]}},"host_log":{"all":{"enabled":true,"script_conf":{"operator":"lt","threshold":5}}},"opnsense":{"all":{"enabled":true,"script_conf":[]}},"sonicwall":{"all":{"enabled":true,"script_conf":[]}},"sophos":{"all":{"enabled":true,"script_conf":[]}},"suricata":{"all":{"enabled":true,"script_conf":[]}}},"system":{"active_monitoring":{"5mins":{"enabled":true,"script_conf":[]},"hour":{"enabled":true,"script_conf":[]},"min":{"enabled":true,"script_conf":[]}},"alerts_ts":{"min":{"enabled":true,"script_conf":[]}},"disk_monitor":{"hour":{"enabled":true,"script_conf":[]}},"dropped_alerts":{"min":{"enabled":true,"script_conf":[]}},"influxdb_monitor":{"5mins":{"enabled":true,"script_conf":[]},"min":{"enabled":true,"script_conf":[]}},"memory_ts":{"min":{"enabled":true,"script_conf":[]}},"periodic_activity_not_executed":{"min":{"enabled":true,"script_conf":[]}},"redis_monitor":{"min":{"enabled":true,"script_conf":[]}},"slow_periodic_activity":{"min":{"enabled":true,"script_conf":[]}}}},"id":0,"name":"Default","targets":[]}}}
