{"rc":0,"rc_str":"OK","rsp":{"AFP":{"appl_id":97,"cat_id":4},"AJP":{"appl_id":139,"cat_id":5},"AMQP":{"appl_id":192,"cat_id":16},"Aimini":{"appl_id":99,"cat_id":7},"Amazon":{"appl_id":178,"cat_id":5},"AmazonVideo":{"appl_id":240,"cat_id":13},"Apple":{"appl_id":140,"cat_id":5},"AppleJuice":{"appl_id":24,"cat_id":7},"ApplePush":{"appl_id":238,"cat_id":13},"AppleStore":{"appl_id":224,"cat_id":19},"AppleiCloud":{"appl_id":143,"cat_id":5},"AppleiTunes":{"appl_id":145,"cat_id":17},"Armagetron":{"appl_id":104,"cat_id":8},"Ayiya":{"appl_id":66,"cat_id":14},"BGP":{"appl_id":13,"cat_id":14},"BJNP":{"appl_id":204,"cat_id":18},"BattleField":{"appl_id":71,"cat_id":8},"BitTorrent":{"appl_id":37,"cat_id":7},"Bloomberg":{"appl_id":246,"cat_id":14},"CAPWAP":{"appl_id":247,"cat_id":14},"CHECKMK":{"appl_id":138,"cat_id":4},"CNN":{"appl_id":180,"cat_id":5},"COAP":{"appl_id":27,"cat_id":16},"CSGO":{"appl_id":235,"cat_id":8},"Charles":{"appl_id":252,"cat_id":0},"CiscoSkinny":{"appl_id":164,"cat_id":10},"CiscoVPN":{"appl_id":161,"cat_id":2},"Citrix":{"appl_id":132,"cat_id":14},"Cloudflare":{"appl_id":220,"cat_id":5},"Collectd":{"appl_id":171,"cat_id":18},"Corba":{"appl_id":168,"cat_id":16},"Crossfire":{"appl_id":105,"cat_id":16},"DCE_RPC":{"appl_id":127,"cat_id":16},"DHCP":{"appl_id":18,"cat_id":14},"DHCPV6":{"appl_id":103,"cat_id":14},"DNP3":{"appl_id":244,"cat_id":14},"DNS":{"appl_id":5,"cat_id":14},"DNScrypt":{"appl_id":208,"cat_id":14},"DRDA":{"appl_id":227,"cat_id":11},"DataSaver":{"appl_id":46,"cat_id":5},"Deezer":{"appl_id":210,"cat_id":25},"Diameter":{"appl_id":237,"cat_id":14},"DirectConnect":{"appl_id":25,"cat_id":7},"Direct_Download_Link":{"appl_id":22,"cat_id":7},"DoH_DoT":{"appl_id":196,"cat_id":14},"Dofus":{"appl_id":106,"cat_id":8},"Dropbox":{"appl_id":121,"cat_id":13},"EAQ":{"appl_id":190,"cat_id":14},"EGP":{"appl_id":83,"cat_id":14},"FIX":{"appl_id":230,"cat_id":16},"FREE_205":{"appl_id":205,"cat_id":10},"FTP_CONTROL":{"appl_id":1,"cat_id":7},"FTP_DATA":{"appl_id":175,"cat_id":7},"Facebook":{"appl_id":119,"cat_id":6},"FacebookZero":{"appl_id":30,"cat_id":6},"FastTrack":{"appl_id":34,"cat_id":7},"Fiesta":{"appl_id":107,"cat_id":8},"Florensia":{"appl_id":108,"cat_id":8},"GMail":{"appl_id":122,"cat_id":3},"GRE":{"appl_id":80,"cat_id":14},"GTP":{"appl_id":152,"cat_id":14},"Git":{"appl_id":226,"cat_id":15},"Github":{"appl_id":203,"cat_id":15},"Gnutella":{"appl_id":35,"cat_id":7},"Google":{"appl_id":126,"cat_id":5},"GoogleDocs":{"appl_id":241,"cat_id":15},"GoogleDrive":{"appl_id":217,"cat_id":13},"GoogleHangoutDuo":{"appl_id":201,"cat_id":10},"GoogleMaps":{"appl_id":123,"cat_id":5},"GooglePlus":{"appl_id":72,"cat_id":6},"GoogleServices":{"appl_id":239,"cat_id":5},"Guildwars":{"appl_id":109,"cat_id":8},"H323":{"appl_id":158,"cat_id":10},"HTTP":{"appl_id":7,"cat_id":5},"HTTP_ActiveSync":{"appl_id":110,"cat_id":13},"HTTP_Connect":{"appl_id":130,"cat_id":5},"HTTP_Download":{"appl_id":60,"cat_id":7},"HTTP_Proxy":{"appl_id":131,"cat_id":5},"HalfLife2":{"appl_id":75,"cat_id":8},"Hotmail":{"appl_id":21,"cat_id":3},"HotspotShield":{"appl_id":215,"cat_id":2},"Hulu":{"appl_id":137,"cat_id":17},"IAX":{"appl_id":95,"cat_id":10},"ICMP":{"appl_id":81,"cat_id":14},"ICMPV6":{"appl_id":102,"cat_id":14},"IEC60870":{"appl_id":245,"cat_id":14},"IFLIX":{"appl_id":202,"cat_id":26},"IGMP":{"appl_id":82,"cat_id":14},"IMAP":{"appl_id":4,"cat_id":3},"IMAPS":{"appl_id":51,"cat_id":3},"IMO":{"appl_id":216,"cat_id":10},"IPP":{"appl_id":6,"cat_id":18},"IP_in_IP":{"appl_id":86,"cat_id":14},"IPsec":{"appl_id":79,"cat_id":2},"IRC":{"appl_id":65,"cat_id":9},"IceCast":{"appl_id":52,"cat_id":1},"Instagram":{"appl_id":211,"cat_id":6},"KakaoTalk":{"appl_id":193,"cat_id":9},"KakaoTalk_Voice":{"appl_id":194,"cat_id":10},"Kerberos":{"appl_id":111,"cat_id":14},"Kontiki":{"appl_id":32,"cat_id":1},"LDAP":{"appl_id":112,"cat_id":18},"LISP":{"appl_id":236,"cat_id":13},"LLMNR":{"appl_id":154,"cat_id":14},"Lando":{"appl_id":254,"cat_id":0},"LastFM":{"appl_id":134,"cat_id":25},"LinkedIn":{"appl_id":233,"cat_id":6},"LotusNotes":{"appl_id":150,"cat_id":15},"MDNS":{"appl_id":8,"cat_id":14},"MGCP":{"appl_id":94,"cat_id":10},"MPEG_TS":{"appl_id":198,"cat_id":1},"MQTT":{"appl_id":222,"cat_id":16},"MS_OneDrive":{"appl_id":221,"cat_id":13},"MapleStory":{"appl_id":113,"cat_id":8},"Megaco":{"appl_id":181,"cat_id":10},"Memcached":{"appl_id":40,"cat_id":14},"Messenger":{"appl_id":157,"cat_id":10},"Microsoft":{"appl_id":212,"cat_id":13},"Microsoft365":{"appl_id":219,"cat_id":15},"Mining":{"appl_id":42,"cat_id":99},"Modbus":{"appl_id":44,"cat_id":14},"MsSQL-TDS":{"appl_id":114,"cat_id":11},"MySQL":{"appl_id":20,"cat_id":11},"NFS":{"appl_id":11,"cat_id":4},"NOE":{"appl_id":160,"cat_id":10},"NTP":{"appl_id":9,"cat_id":18},"Nats":{"appl_id":68,"cat_id":16},"NestLogSink":{"appl_id":43,"cat_id":13},"NetBIOS":{"appl_id":10,"cat_id":18},"NetFlix":{"appl_id":133,"cat_id":26},"NetFlow":{"appl_id":128,"cat_id":14},"Nintendo":{"appl_id":173,"cat_id":8},"OCS":{"appl_id":218,"cat_id":1},"OSPF":{"appl_id":85,"cat_id":14},"Ookla":{"appl_id":191,"cat_id":14},"OpenDNS":{"appl_id":225,"cat_id":5},"OpenFT":{"appl_id":33,"cat_id":7},"OpenVPN":{"appl_id":159,"cat_id":2},"Oracle":{"appl_id":167,"cat_id":11},"Oscar":{"appl_id":69,"cat_id":9},"POP3":{"appl_id":2,"cat_id":3},"POPS":{"appl_id":23,"cat_id":3},"PPLive":{"appl_id":53,"cat_id":1},"PPStream":{"appl_id":54,"cat_id":26},"PPTP":{"appl_id":115,"cat_id":2},"PS_VUE":{"appl_id":64,"cat_id":26},"Pando_Media_Booster":{"appl_id":183,"cat_id":5},"Pandora":{"appl_id":187,"cat_id":17},"Pastebin":{"appl_id":232,"cat_id":7},"PcAnywhere":{"appl_id":90,"cat_id":12},"PlayStore":{"appl_id":228,"cat_id":19},"Playstation":{"appl_id":231,"cat_id":8},"PostgreSQL":{"appl_id":19,"cat_id":11},"QQ":{"appl_id":48,"cat_id":9},"QQLive":{"appl_id":61,"cat_id":26},"QUIC":{"appl_id":188,"cat_id":5},"RDP":{"appl_id":88,"cat_id":12},"RSYNC":{"appl_id":166,"cat_id":4},"RTCP":{"appl_id":165,"cat_id":10},"RTMP":{"appl_id":174,"cat_id":1},"RTP":{"appl_id":87,"cat_id":1},"RTSP":{"appl_id":50,"cat_id":1},"RX":{"appl_id":223,"cat_id":16},"Radius":{"appl_id":146,"cat_id":14},"Redis":{"appl_id":182,"cat_id":11},"RemoteScan":{"appl_id":155,"cat_id":14},"SAP":{"appl_id":151,"cat_id":14},"SCTP":{"appl_id":84,"cat_id":14},"SIP":{"appl_id":100,"cat_id":10},"SMBv1":{"appl_id":16,"cat_id":18},"SMBv23":{"appl_id":41,"cat_id":18},"SMPP":{"appl_id":207,"cat_id":7},"SMTP":{"appl_id":3,"cat_id":3},"SMTPS":{"appl_id":29,"cat_id":3},"SNMP":{"appl_id":14,"cat_id":14},"SOCKS":{"appl_id":172,"cat_id":5},"SOMEIP":{"appl_id":229,"cat_id":16},"SSDP":{"appl_id":12,"cat_id":18},"SSH":{"appl_id":92,"cat_id":12},"STUN":{"appl_id":78,"cat_id":14},"Sebastian":{"appl_id":253,"cat_id":0},"ShoutCast":{"appl_id":56,"cat_id":25},"Signal":{"appl_id":39,"cat_id":9},"Sina(Weibo)":{"appl_id":200,"cat_id":6},"Skype":{"appl_id":125,"cat_id":10},"SkypeCall":{"appl_id":38,"cat_id":10},"Slack":{"appl_id":118,"cat_id":15},"Snapchat":{"appl_id":199,"cat_id":6},"Sopcast":{"appl_id":57,"cat_id":26},"Soulseek":{"appl_id":63,"cat_id":7},"SoundCloud":{"appl_id":234,"cat_id":25},"Spotify":{"appl_id":156,"cat_id":25},"Starcraft":{"appl_id":213,"cat_id":8},"Stealthnet":{"appl_id":98,"cat_id":7},"Steam":{"appl_id":74,"cat_id":8},"Syslog":{"appl_id":17,"cat_id":18},"TFTP":{"appl_id":96,"cat_id":4},"TINC":{"appl_id":209,"cat_id":2},"TLS":{"appl_id":91,"cat_id":5},"TVUplayer":{"appl_id":59,"cat_id":26},"Targus Dataspeed":{"appl_id":243,"cat_id":14},"TeamSpeak":{"appl_id":162,"cat_id":10},"TeamViewer":{"appl_id":148,"cat_id":12},"Teams":{"appl_id":250,"cat_id":15},"Telegram":{"appl_id":185,"cat_id":9},"Telnet":{"appl_id":77,"cat_id":12},"Teredo":{"appl_id":214,"cat_id":14},"Thunder":{"appl_id":62,"cat_id":7},"TikTok":{"appl_id":49,"cat_id":6},"Tor":{"appl_id":163,"cat_id":2},"TruPhone":{"appl_id":101,"cat_id":10},"Tuenti":{"appl_id":149,"cat_id":10},"Tvants":{"appl_id":58,"cat_id":26},"Twitch":{"appl_id":195,"cat_id":26},"Twitter":{"appl_id":120,"cat_id":6},"UBNTAC2":{"appl_id":31,"cat_id":14},"UPnP":{"appl_id":153,"cat_id":14},"UbuntuONE":{"appl_id":169,"cat_id":13},"Unencrypted_Jabber":{"appl_id":67,"cat_id":5},"Unknown":{"appl_id":0,"cat_id":0},"Usenet":{"appl_id":93,"cat_id":5},"VHUA":{"appl_id":184,"cat_id":10},"VMware":{"appl_id":28,"cat_id":12},"VNC":{"appl_id":89,"cat_id":12},"VRRP":{"appl_id":73,"cat_id":14},"Vevo":{"appl_id":186,"cat_id":25},"Viber":{"appl_id":144,"cat_id":10},"Warcraft3":{"appl_id":116,"cat_id":8},"Waze":{"appl_id":135,"cat_id":5},"WeChat":{"appl_id":197,"cat_id":9},"WebSocket":{"appl_id":251,"cat_id":5},"Webex":{"appl_id":141,"cat_id":10},"WhatsApp":{"appl_id":142,"cat_id":9},"WhatsAppCall":{"appl_id":45,"cat_id":10},"WhatsAppFiles":{"appl_id":242,"cat_id":7},"Whois-DAS":{"appl_id":170,"cat_id":14},"Wikipedia":{"appl_id":176,"cat_id":5},"WindowsUpdate":{"appl_id":147,"cat_id":19},"WireGuard":{"appl_id":206,"cat_id":2},"WorldOfKungFu":{"appl_id":117,"cat_id":8},"WorldOfWarcraft":{"appl_id":76,"cat_id":8},"XDMCP":{"appl_id":15,"cat_id":12},"Xbox":{"appl_id":47,"cat_id":8},"Yahoo":{"appl_id":70,"cat_id":5},"YouTube":{"appl_id":124,"cat_id":1},"YouTubeUpload":{"appl_id":136,"cat_id":1},"Zabbix":{"appl_id":248,"cat_id":14},"Zattoo":{"appl_id":55,"cat_id":26},"ZeroMQ":{"appl_id":177,"cat_id":16},"Zoom":{"appl_id":189,"cat_id":26},"eBay":{"appl_id":179,"cat_id":27},"eDonkey":{"appl_id":36,"cat_id":7},"ntop":{"appl_id":26,"cat_id":14},"s7comm":{"appl_id":249,"cat_id":14},"sFlow":{"appl_id":129,"cat_id":14}}}
