{"rc":0,"rc_str":"OK","rsp":{"0":{"children_safe":false,"enforce_quotas_per_pool_member":false,"enforce_shapers_per_pool_member":false,"id":"0","members":[],"name":"Not Assigned"}}}
