{"rc":0,"rc_str":"OK","rc_str_hr":"Success","rsp":{"historical":[],"historical-flows":[{"count":"1","severity":"info"},{"count":"112","severity":"notice"},{"count":"3","severity":"warning"},{"count":"62","severity":"error"}]}}
