{"rc":0,"rc_str":"OK","rsp":[{"count":1,"id":"Amazon"},{"count":1,"id":"Cloudflare"},{"count":45,"id":"DNS"},{"count":11,"id":"Facebook"},{"count":20,"id":"Google"},{"count":10,"id":"GoogleServices"},{"count":34,"id":"HTTP"},{"count":1,"id":"MDNS"},{"count":96,"id":"TLS"},{"count":1,"id":"Telegram"},{"count":82,"id":"Unknown"}]}
