{"rc":0,"rc_str":"OK","rsp":[{"id":0,"name":"IP"},{"id":1,"name":"ICMP"},{"id":2,"name":"IGMP"},{"id":6,"name":"TCP"},{"id":17,"name":"UDP"},{"id":41,"name":"IPv6"},{"id":46,"name":"RSVP"},{"id":47,"name":"GRE"},{"id":50,"name":"ESP"},{"id":58,"name":"IPv6-ICMP"},{"id":89,"name":"OSPF"},{"id":103,"name":"PIM"},{"id":112,"name":"VRRP"},{"id":139,"name":"HIP"},{"id":58,"name":"ICMPv6"},{"id":2,"name":"IGMP"},{"id":-1,"name":"Other IP"}]}
