{"rc":0,"rc_str":"OK","rsp":[{"label":"TLS","url":"/lua/flows_stats.lua?application=TLS","value":62},{"label":"DNS","url":"/lua/flows_stats.lua?application=DNS","value":36},{"label":"HTTP","url":"/lua/flows_stats.lua?application=HTTP","value":34},{"label":"Google","url":"/lua/flows_stats.lua?application=Google","value":20},{"label":"Facebook","url":"/lua/flows_stats.lua?application=Facebook","value":11},{"label":"Other","value":15}]}
