{"rc":0,"rc_str":"OK","rsp":[{"cat_id":21,"name":"User custom category 2"},{"cat_id":12,"name":"RemoteAccess"},{"cat_id":14,"name":"Network"},{"cat_id":4,"name":"DataTransfer"},{"cat_id":9,"name":"Chat"},{"cat_id":29,"name":"FileSharing"},{"cat_id":22,"name":"User custom category 3"},{"cat_id":19,"name":"SoftwareUpdate"},{"cat_id":11,"name":"Database"},{"cat_id":104,"name":"Allowed_Site"},{"cat_id":16,"name":"RPC"},{"cat_id":23,"name":"User custom category 4"},{"cat_id":2,"name":"VPN"},{"cat_id":3,"name":"Email"},{"cat_id":6,"name":"SocialNetwork"},{"cat_id":0,"name":"Unspecified"},{"cat_id":101,"name":"Advertisement"},{"cat_id":100,"name":"Malware"},{"cat_id":1,"name":"Media"},{"cat_id":18,"name":"System"},{"cat_id":17,"name":"Streaming"},{"cat_id":105,"name":"Antimalware"},{"cat_id":10,"name":"VoIP"},{"cat_id":15,"name":"Collaborative"},{"cat_id":7,"name":"Download-FileTransfer-FileSharing"},{"cat_id":26,"name":"Video"},{"cat_id":13,"name":"Cloud"},{"cat_id":103,"name":"Site_Unavailable"},{"cat_id":102,"name":"Banned_Site"},{"cat_id":25,"name":"Music"},{"cat_id":28,"name":"Productivity"},{"cat_id":24,"name":"User custom category 5"},{"cat_id":8,"name":"Game"},{"cat_id":5,"name":"Web"},{"cat_id":20,"name":"User custom category 1"},{"cat_id":27,"name":"Shopping"},{"cat_id":99,"name":"Mining"}]}
