{"rc":0,"rc_str":"OK","rsp":[{"ifid":0,"ifname":"test_01.pcap"},{"ifid":1,"ifname":"test_02.pcap"}]}
