{"rc":0,"rc_str":"OK","rsp":[{"duration":5,"label":"TLS","value":3172330},{"duration":5,"label":"Facebook","value":232071},{"duration":5,"label":"GoogleServices","value":126408},{"label":"Other","value":93948}]}
