{"rc":0,"rc_str":"OK","rsp":[{"key":28,"type":"alert_none"},{"key":20,"type":"alert_list_download_failed"},{"key":12,"type":"alert_ghost_network"},{"key":32,"type":"alert_port_errors"},{"key":56,"type":"alert_connection_issues"},{"key":3,"type":"alert_device_connection"},{"key":11,"type":"alert_flows_flood"},{"key":21,"type":"alert_login_failed"},{"key":7,"type":"external_alert"},{"key":18,"type":"alert_internals"},{"key":36,"type":"alert_potentially_dangerous_protocol"},{"key":51,"type":"alert_udp_unidirectional"},{"key":19,"type":"alert_ip_outsite_dhcp_range"},{"key":5,"type":"alert_device_protocol_not_allowed"},{"key":34,"type":"alert_port_mac_changed"},{"key":13,"type":"alert_host_pool_connection"},{"key":2,"type":"alert_broadcast_domain_too_large"},{"key":16,"type":"alert_influxdb_error"},{"key":47,"type":"alert_tcp_syn_scan"},{"key":44,"type":"alert_snmp_topology_changed"},{"key":27,"type":"alert_nfq_flushed"},{"key":10,"type":"alert_flow_misbehaviour"},{"key":39,"type":"alert_remote_to_remote"},{"key":1,"type":"alert_blacklisted_country"},{"key":53,"type":"alert_user_activity"},{"key":6,"type":"alert_dropped_alerts"},{"key":30,"type":"alert_am_threshold_cross"},{"key":9,"type":"alert_flow_blocked"},{"key":46,"type":"alert_tcp_syn_flood"},{"key":42,"type":"alert_slow_purge"},{"key":58,"type":"alert_known_proto_on_non_std_port"},{"key":17,"type":"alert_influxdb_export_failure"},{"key":54,"type":"alert_user_script_calls_drops"},{"key":49,"type":"alert_threshold_cross"},{"key":40,"type":"alert_request_reply_ratio"},{"key":8,"type":"alert_flow_blacklisted"},{"key":33,"type":"alert_port_load_threshold_exceeded"},{"key":59,"type":"alert_host_log"},{"key":4,"type":"alert_device_disconnection"},{"key":23,"type":"alert_malicious_signature"},{"key":43,"type":"alert_snmp_device_reset"},{"key":35,"type":"alert_port_status_change"},{"key":37,"type":"alert_process_notification"},{"key":29,"type":"alert_periodic_activity_not_executed"},{"key":41,"type":"alert_slow_periodic_activity"},{"key":45,"type":"alert_suspicious_activity"},{"key":25,"type":"alert_misconfigured_app"},{"key":50,"type":"alert_too_many_drops"},{"key":14,"type":"alert_host_pool_disconnection"},{"key":26,"type":"alert_new_device"},{"key":38,"type":"alert_quota_exceeded"},{"key":55,"type":"alert_web_mining"},{"key":22,"type":"alert_mac_ip_association_change"},{"key":57,"type":"alert_suspicious_file_transfer"},{"key":31,"type":"alert_port_duplexstatus_change"}]}
