{"rc":0,"rc_str":"OK","rc_str_hr":"Success","rsp":[{"count":1,"name":"Amazon"},{"count":1,"name":"Cloudflare"},{"count":36,"name":"DNS"},{"count":11,"name":"Facebook"},{"count":19,"name":"Google"},{"count":10,"name":"GoogleServices"},{"count":33,"name":"HTTP"},{"count":1,"name":"MDNS"},{"count":46,"name":"TLS"},{"count":1,"name":"Telegram"},{"count":3,"name":"Unknown"},{"count":16,"name":"ntop"}]}
