{"rc":0,"rc_str":"OK","rc_str_hr":"Success","rsp":[{"type":"alert_dns_data_exfiltration"},{"type":"alert_login_failed"},{"type":"alert_blacklisted_country"},{"type":"alert_shell_script_executed"},{"type":"alert_unexpected_ntp_server"},{"type":"alert_flow_new_api_demo"},{"type":"alert_flow_blocked"},{"type":"alert_tcp_syn_flood_victim"},{"type":"alert_nfq_flushed"},{"type":"alert_quota_exceeded"},{"type":"alert_mac_ip_association_change"},{"type":"alert_host_new_api_demo"},{"type":"alert_am_threshold_cross"},{"type":"alert_ghost_network"},{"type":"alert_tcp_connection_refused"},{"type":"alert_fail2ban_executed"},{"type":"alert_tls_certificate_expired"},{"type":"alert_port_duplexstatus_change"},{"type":"alert_ip_outsite_dhcp_range"},{"type":"alert_suspicious_tcp_probing"},{"type":"alert_user_activity"},{"type":"alert_longlived"},{"type":"alert_tls_old_protocol_version"},{"type":"alert_host_log"},{"type":"alert_process_notification"},{"type":"alert_zero_tcp_window"},{"type":"alert_tls_certificate_mismatch"},{"type":"alert_influxdb_error"},{"type":"alert_suspicious_file_transfer"},{"type":"alert_web_mining"},{"type":"alert_dns_invalid_query"},{"type":"alert_list_download_failed"},{"type":"alert_iec104_error"},{"type":"alert_malicious_signature"},{"type":"alert_host_pool_disconnection"},{"type":"alert_slow_periodic_activity"},{"type":"alert_data_exfiltration"},{"type":"alert_unexpected_dhcp_server"},{"type":"alert_port_status_change"},{"type":"alert_udp_unidirectional"},{"type":"alert_slow_purge"},{"type":"alert_unexpected_new_device"},{"type":"alert_port_load_threshold_exceeded"},{"type":"alert_host_pool_connection"},{"type":"alert_flow_low_goodput"},{"type":"alert_tcp_syn_scan_victim"},{"type":"alert_periodic_activity_not_executed"},{"type":"alert_suspicious_tcp_syn_probing"},{"type":"alert_too_many_drops"},{"type":"alert_tcp_syn_scan_attacker"},{"type":"alert_tls_certificate_selfsigned"},{"type":"alert_known_proto_on_non_std_port"},{"type":"alert_flow_risk"},{"type":"alert_request_reply_ratio"},{"type":"alert_misconfigured_app"},{"type":"alert_unexpected_dns_server"},{"type":"alert_port_errors"},{"type":"alert_threshold_cross"},{"type":"alert_device_connection"},{"type":"alert_periodicity_update"},{"type":"alert_external"},{"type":"alert_broadcast_domain_too_large"},{"type":"alert_influxdb_export_failure"},{"type":"alert_snmp_device_reset"},{"type":"alert_snmp_topology_changed"},{"type":"alert_potentially_dangerous_protocol"},{"type":"alert_contacted_peers"},{"type":"alert_device_disconnection"},{"type":"alert_tls_unsafe_ciphers"},{"type":"alert_remote_to_remote"},{"type":"alert_internals"},{"type":"alert_flows_flood_attacker"},{"type":"alert_flow_blacklisted"},{"type":"alert_elephant_local_to_remote"},{"type":"alert_flows_flood_victim"},{"type":"alert_iec_invalid_transition"},{"type":"alert_port_mac_changed"},{"type":"alert_no_if_activity"},{"type":"alert_user_script_calls_drops"},{"type":"alert_dns_positive_error_ratio"},{"type":"alert_lateral_movement"},{"type":"alert_attack_mitigation_via_snmp"},{"type":"alert_connection_issues"},{"type":"alert_device_protocol_not_allowed"},{"type":"alert_elephant_remote_to_local"},{"type":"alert_remote_to_local_insecure_proto"},{"type":"alert_tcp_syn_flood_attacker"},{"type":"alert_unexpected_smtp_server"},{"type":"alert_list_download_succeeded"},{"type":"alert_dropped_alerts"}]}
