{"success":true}
{"rc":0,"rc_str":"OK","rc_str_hr":"Success","rsp":[{"count":1,"date":"1617681806","entity":"flow","entity_val":"","msg":"<i class=\"fas fa-stream\"></i>  <A class='btn-sx' HREF='/lua/flow_details.lua?flow_key=4261427416&flow_hash_id=0'><i class='fas fa-search-plus'></i></A> <a href='/lua/host_details.lua?host=127.0.0.1' data-toggle='tooltip' title=''>localhost <abbr title=\"Remote\"><span class=\"badge badge-secondary\">R</span></abbr></a>:<A HREF=\"/lua/flows_stats.lua?port=50435\">50435</A> [ <A HREF=\"/lua/hosts_stats.lua?mac=00:00:00:00:00:00\">00:00:00:00:00:00</A> ]&nbsp; <i class=\"fas fa-exchange-alt fa-lg\"  aria-hidden=\"true\"></i> &nbsp;<a href='/lua/host_details.lua?host=127.0.0.1' data-toggle='tooltip' title=''>localhost <abbr title=\"Remote\"><span class=\"badge badge-secondary\">R</span></abbr></a>:<A HREF=\"/lua/flows_stats.lua?port=53\">53</A> [ <A HREF=\"/lua/hosts_stats.lua?mac=00:00:00:00:00:00\">00:00:00:00:00:00</A> ] <a href=\"/lua/admin/edit_configset.lua?subdir=flow&user_script=ndpi_malformed_packet#all\"><i class=\"fas fa-cog\" title=\"Edit Configuration\"></i></a>","score":120,"severity":"error","type":"alert_ndpi_malformed_packet"}]}
