{"rc":0,"rc_str":"OK","rsp":{"historical":[],"historical-flows":[{"count":"37","type":"alert_potentially_dangerous_protocol"}]}}
