{"rc":0,"rc_str":"OK","rsp":{"ICMPv4":[],"active_alerted_flows":41,"active_flows.as_client":177,"active_flows.as_server":1,"active_http_hosts":0,"asn":0,"asname":"","bins":{"client":{"duration":{"<= 1":0,"<= 10":0,"<= 3":0,"<= 30":0,"<= 300":0,"<= 5":0,"<= 60":0,"> 300":0},"frequency":{"<= 1":1,"<= 10":0,"<= 3":0,"<= 30":0,"<= 300":0,"<= 5":0,"<= 60":0,"> 300":0}},"server":{"duration":{"<= 1":0,"<= 10":0,"<= 3":0,"<= 30":0,"<= 300":0,"<= 5":0,"<= 60":0,"> 300":0},"frequency":{"<= 1":0,"<= 10":0,"<= 3":0,"<= 30":0,"<= 300":0,"<= 5":0,"<= 60":0,"> 300":0}}},"broadcast_domain_host":false,"bytes.ndpi.unknown":354,"bytes.rcvd":3412200,"bytes.rcvd.anomaly_index":0,"bytes.sent":212557,"bytes.sent.anomaly_index":0,"cardinality":{"num_contacted_hosts_as_client":39,"num_contacted_ports_as_client":4,"num_contacted_services_as_client":46,"num_host_contacted_ports_as_server":1,"num_host_contacts_as_server":1},"childSafe":false,"city":"","contacts.as_client":0,"contacts.as_server":0,"continent":"","country":"","devtype":0,"dhcpHost":false,"dns":{"rcvd":{"num_queries":0,"num_replies_error":0,"num_replies_ok":45,"queries":{"num_a":0,"num_aaaa":0,"num_any":0,"num_cname":0,"num_mx":0,"num_ns":0,"num_other":0,"num_ptr":0,"num_soa":0,"num_txt":0}},"sent":{"num_queries":45,"num_replies_error":0,"num_replies_ok":0,"queries":{"num_a":45,"num_aaaa":0,"num_any":0,"num_cname":0,"num_mx":0,"num_ns":0,"num_other":0,"num_ptr":0,"num_soa":0,"num_txt":0}}},"drop_all_host_traffic":false,"duration":7,"flows.as_client":177,"flows.as_server":1,"has_blocking_quota":false,"has_blocking_shaper":false,"hassh_fingerprint":[],"hiddenFromTop":false,"hits.flow_flood_attacker":23,"hits.syn_flood_attacker":23,"host_pool_id":0,"host_unreachable_flows.as_client":0,"host_unreachable_flows.as_server":0,"http":{"receiver":{"query":{"num_get":0,"num_head":0,"num_other":0,"num_post":0,"num_put":0,"total":0},"rate":{"query":{"get":0,"head":0,"other":0,"post":0,"put":0},"response":{"1xx":0,"2xx":0,"3xx":0,"4xx":0,"5xx":0}},"response":{"num_1xx":0,"num_2xx":33,"num_3xx":0,"num_4xx":0,"num_5xx":0,"total":33}},"sender":{"query":{"num_get":33,"num_head":0,"num_other":0,"num_post":0,"num_put":0,"total":33},"rate":{"query":{"get":0,"head":0,"other":0,"post":0,"put":0},"response":{"1xx":0,"2xx":0,"3xx":0,"4xx":0,"5xx":0}},"response":{"num_1xx":0,"num_2xx":0,"num_3xx":0,"num_4xx":0,"num_5xx":0,"total":0}},"virtual_hosts":[]},"icmp.bytes.rcvd":0,"icmp.bytes.rcvd.anomaly_index":0,"icmp.bytes.sent":0,"icmp.bytes.sent.anomaly_index":0,"icmp.packets.rcvd":0,"icmp.packets.sent":0,"ifid":1,"ip":"192.168.1.93","ipkey":3232235869,"is_blacklisted":false,"is_broadcast":false,"is_multicast":false,"ja3_fingerprint":{"43fb797519e1a449ff3b09bda3556c17":{"app_name":"","num_uses":3},"7570245c781d7d7a68e31419177e728d":{"app_name":"","num_uses":22},"a69708a64f853c3bcc214c2c5faf84f3":{"app_name":"","num_uses":59},"d78489b860c8bf7838a6ff0b4d131541":{"app_name":"","num_uses":2},"ee4ced3f2d15de4b5cb6fb0a894fec9f":{"app_name":"","num_uses":1}},"latitude":0,"local_network_id":0,"local_network_name":"192.168.1.0/24","localhost":true,"longitude":0,"mac":"28:37:37:00:6D:C8","misbehaving_flows.as_client":0,"misbehaving_flows.as_server":0,"misbehaving_flows_status_map.as_client":0,"misbehaving_flows_status_map.as_server":0,"name":"Luca’s iMac","names":{"mdns":"Luca’s iMac"},"ndpi":{"Amazon":{"breed":"Acceptable","bytes.rcvd":3841,"bytes.sent":913,"duration":5,"num_flows":0,"packets.rcvd":7,"packets.sent":8},"Cloudflare":{"breed":"Acceptable","bytes.rcvd":180,"bytes.sent":293,"duration":5,"num_flows":0,"packets.rcvd":3,"packets.sent":4},"DNS":{"breed":"Acceptable","bytes.rcvd":5998,"bytes.sent":3578,"duration":5,"num_flows":0,"packets.rcvd":45,"packets.sent":45},"Facebook":{"breed":"Fun","bytes.rcvd":209668,"bytes.sent":22403,"duration":5,"num_flows":0,"packets.rcvd":203,"packets.sent":170},"Google":{"breed":"Unrated","bytes.rcvd":24825,"bytes.sent":11464,"duration":5,"num_flows":0,"packets.rcvd":79,"packets.sent":94},"GoogleServices":{"breed":"Acceptable","bytes.rcvd":116910,"bytes.sent":9498,"duration":5,"num_flows":0,"packets.rcvd":115,"packets.sent":99},"HTTP":{"breed":"Acceptable","bytes.rcvd":18932,"bytes.sent":23013,"duration":5,"num_flows":0,"packets.rcvd":172,"packets.sent":206},"MDNS":{"breed":"Acceptable","bytes.rcvd":0,"bytes.sent":320,"duration":5,"num_flows":0,"packets.rcvd":0,"packets.sent":1},"TLS":{"breed":"Safe","bytes.rcvd":3031531,"bytes.sent":140799,"duration":5,"num_flows":0,"packets.rcvd":2382,"packets.sent":1360},"Telegram":{"breed":"Acceptable","bytes.rcvd":171,"bytes.sent":66,"duration":5,"num_flows":0,"packets.rcvd":1,"packets.sent":1},"Unknown":{"breed":"Unrated","bytes.rcvd":144,"bytes.sent":210,"duration":5,"num_flows":0,"packets.rcvd":2,"packets.sent":3}},"ndpi_categories":{"Chat":{"bytes":237,"bytes.rcvd":171,"bytes.sent":66,"category":9,"duration":5},"Network":{"bytes":8128,"bytes.rcvd":4970,"bytes.sent":3158,"category":14,"duration":5},"SocialNetwork":{"bytes":232690,"bytes.rcvd":210053,"bytes.sent":22637,"category":6,"duration":5},"Unspecified":{"bytes":354,"bytes.rcvd":144,"bytes.sent":210,"category":0,"duration":5},"Web":{"bytes":3383348,"bytes.rcvd":3196862,"bytes.sent":186486,"category":5,"duration":5}},"num_alerts":0,"num_flow_alerts":41,"num_triggered_alerts":{"5mins":0,"day":0,"hour":0,"min":0},"os":0,"os_detail":"","other_ip.bytes.rcvd":0,"other_ip.bytes.rcvd.anomaly_index":0,"other_ip.bytes.sent":0,"other_ip.bytes.sent.anomaly_index":0,"other_ip.packets.rcvd":0,"other_ip.packets.sent":0,"packets.rcvd":3009,"packets.rcvd.anomaly_index":0,"packets.sent":1991,"packets.sent.anomaly_index":0,"pktStats.recv":{"size":{"above9000":0,"upTo1024":102,"upTo128":559,"upTo1518":2174,"upTo2500":0,"upTo256":71,"upTo512":100,"upTo64":3,"upTo6500":0,"upTo9000":0},"tcp_flags":{"finack":73,"rst":0,"syn":0,"synack":130}},"pktStats.sent":{"size":{"above9000":0,"upTo1024":26,"upTo128":1700,"upTo1518":12,"upTo2500":0,"upTo256":129,"upTo512":119,"upTo64":5,"upTo6500":0,"upTo9000":0},"tcp_flags":{"finack":83,"rst":3,"syn":124,"synack":0}},"privatehost":true,"score":2065,"seen.first":1589741863,"seen.last":1589741869,"systemhost":false,"tcp.bytes.rcvd":3406202,"tcp.bytes.rcvd.anomaly_index":0,"tcp.bytes.sent":208659,"tcp.bytes.sent.anomaly_index":0,"tcp.packets.rcvd":2964,"tcp.packets.sent":1945,"tcp.packets.seq_problems":true,"tcpPacketStats.rcvd":{"keep_alive":0,"lost":0,"out_of_order":0,"retransmissions":8},"tcpPacketStats.sent":{"keep_alive":0,"lost":0,"out_of_order":0,"retransmissions":2},"throughput_bps":0,"throughput_pps":0,"throughput_trend_bps":0,"throughput_trend_pps":0,"total_activity_time":5,"total_alerts":41,"total_flows.as_client":177,"total_flows.as_server":1,"tskey":"192.168.1.93","udp.bytes.rcvd":5998,"udp.bytes.rcvd.anomaly_index":0,"udp.bytes.sent":3898,"udp.bytes.sent.anomaly_index":0,"udp.packets.rcvd":45,"udp.packets.sent":46,"udpBytesSent.non_unicast":0,"udpBytesSent.unicast":3898,"unreachable_flows.as_client":0,"unreachable_flows.as_server":0,"vlan":0}}
