{"rc":0,"rc_str":"OK","rc_str_hr":"Success","rsp":{"historical":[],"historical-flows":[{"count":"112","type":"alert_remote_to_remote"},{"count":"1","type":"alert_flow_risk"},{"count":"2","type":"alert_tls_old_protocol_version"},{"count":"62","type":"alert_tls_certificate_expired"},{"count":"1","type":"alert_suspicious_tcp_syn_probing"}]}}
