{"rc":0,"rc_str":"OK","rsp":{"192.168.1.93":[{"ifid":0},{"ifid":1}]}}
