{"rc":0,"rc_str":"OK","rsp":[{"id":2,"severity":"error"},{"id":0,"severity":"info"},{"id":1,"severity":"warning"}]}
