{"rc":0,"rc_str":"OK","rsp":[{"duration":0,"label":"Safe","value":3172330},{"duration":0,"label":"Fun","value":232071},{"duration":0,"label":"Acceptable","value":183713},{"label":"Other","value":36643}]}
