{"success":true}
{"rc":0,"rc_str":"OK","rc_str_hr":"Success","rsp":{"success":true}}
{"rc":0,"rc_str":"OK","rc_str_hr":"Success","recordsFiltered":1,"recordsTotal":1,"rsp":{"records":[{"additional_alerts":{"descr":""},"alert_id":{"label":"<i class=\"fas fa-fw fa-exclamation\"></i> Unexpected DNS server fo…","value":"33"},"alert_name":"<i class=\"fas fa-fw fa-exclamation\"></i> Unexpected DNS server fo…","cli_role":{"label":"Is Attacker","tag_label":"Is Attacker","value":"attacker"},"count":1,"description":{"descr":"Unexpected DNS server found: 9.9.9.9 [Score: 100] [Query Type: 1] [Return Code: 0] [URL:  adsf.adsfadfasdfasdfadsfadsf.adfasdfasdfadsf.adsfadfasdfasdfadsfaasdf.google.it] [Main Direction: Srv Cli]","shorten_descr":"Unexpected DNS server found: 9.9.9.9 [Score: 100] [Query Type: 1] [Return Code: 0] [URL:  adsf.adsfadfasdfasdfadsfadsf.adfasdfasdfadsf.adsfadfasdfasdf…"},"duration":0,"family":"flow","flow":{"active_url":"/lua/flow_details.lua?flow_key=3383892960&flow_hash_id=0","cli_ip":{"country":"","label":"devel","label_long":"devel","reference":"<a href='/lua/host_details.lua?host=192.168.2.222' data-bs-toggle='tooltip' title=''><i class='fas fa-laptop'></i></a>","value":"192.168.2.222"},"cli_port":"59610","srv_ip":{"country":"US","label":"9.9.9.9","label_long":"9.9.9.9","reference":"<a href='/lua/host_details.lua?host=9.9.9.9' data-bs-toggle='tooltip' title=''><i class='fas fa-laptop'></i></a>","value":"9.9.9.9"},"srv_port":"53"},"l7_proto":{"label":"UDP:DNS.Google","value":"126"},"msg":{"configset_ref":" <a href=\"/lua/admin/edit_configset.lua?subdir=flow&check=unexpected_dns#all\"><i class=\"fas fa-cog\" title=\"Edit Configuration\"></i></a>","description":"Unexpected DNS server found: 9.9.9.9 [Score: 100] [Query Type: 1] [Return Code: 0] [URL:  adsf.adsfadfasdfasdfadsfadsf.adfasdfasdfadsf.adsfadfasdfasdfadsfaasdf.google.it] [Main Direction: Srv Cli]","fullname":"Unexpected DNS server found","name":"Unexpected DNS server fo…","value":33},"proto":{"label":"UDP","value":"17"},"row_id":"1","score":{"color":"#ff3231","label":"100","value":100},"script_key":"unexpected_dns","severity":{"color":"#ff3231","label":"<i class='fas fa-fw fa-exclamation-triangle text-danger' style='color: #ff3231!important' title='Error'></i> ","value":5},"tstamp":{"highlight":"#ff3231","label":"16:46:23","value":1639755983},"vlan_id":"0"}],"stats":{"query":" SELECT 4 entity_id, (tstamp_end - tstamp) duration, *, hex(alerts_map) alerts_map FROM `flow_alerts` WHERE 1 = 1    ","query_duration_msec":0.17714500427246}}}
